Archive member included to satisfy reference by file (symbol)

C:/devkitPro/libnx/lib\libnx.a(random.o)
                              main.o (randomGet64)
C:/devkitPro/libnx/lib\libnx.a(thread.o)
                              main.o (threadCreate)
C:/devkitPro/libnx/lib\libnx.a(pm.o)
                              main.o (pmshellInitialize)
C:/devkitPro/libnx/lib\libnx.a(ns.o)
                              main.o (nsInitialize)
C:/devkitPro/libnx/lib\libnx.a(set.o)
                              main.o (setsysInitialize)
C:/devkitPro/libnx/lib\libnx.a(fatal.o)
                              main.o (fatalThrow)
C:/devkitPro/libnx/lib\libnx.a(fs.o)
                              main.o (fsInitialize)
C:/devkitPro/libnx/lib\libnx.a(nifm.o)
                              C:/devkitPro/libnx/lib\libnx.a(ns.o) (nifmGetClientId)
C:/devkitPro/libnx/lib\libnx.a(sm.o)
                              main.o (smInitialize)
C:/devkitPro/libnx/lib\libnx.a(hosversion.o)
                              main.o (hosversionGet)
C:/devkitPro/libnx/lib\libnx.a(env.o)
                              main.o (envGetMainThreadHandle)
C:/devkitPro/libnx/lib\libnx.a(alloc.o)
                              C:/devkitPro/libnx/lib\libnx.a(thread.o) (__libnx_aligned_alloc)
C:/devkitPro/libnx/lib\libnx.a(diag.o)
                              C:/devkitPro/libnx/lib\libnx.a(random.o) (diagAbortWithResult)
C:/devkitPro/libnx/lib\libnx.a(fs_dev.o)
                              main.o (fsdevMountSdmc)
C:/devkitPro/libnx/lib\libnx.a(decode_utf8.o)
                              C:/devkitPro/libnx/lib\libnx.a(fs_dev.o) (decode_utf8)
C:/devkitPro/libnx/lib\libnx.a(svc.o)
                              main.o (svcSetHeapSize)
C:/devkitPro/libnx/lib\libnx.a(readtp.o)
                              C:/devkitPro/libnx/lib\libnx.a(fs.o) (__aarch64_read_tp)
C:/devkitPro/libnx/lib\libnx.a(switch_crt0.o)
                              (_start)
C:/devkitPro/libnx/lib\libnx.a(wait.o)
                              C:/devkitPro/libnx/lib\libnx.a(thread.o) (waitHandles)
C:/devkitPro/libnx/lib\libnx.a(tmem.o)
                              C:/devkitPro/libnx/lib\libnx.a(ns.o) (tmemCreate)
C:/devkitPro/libnx/lib\libnx.a(mutex.o)
                              C:/devkitPro/libnx/lib\libnx.a(random.o) (mutexLock)
C:/devkitPro/libnx/lib\libnx.a(virtmem.o)
                              C:/devkitPro/libnx/lib\libnx.a(thread.o) (virtmemLock)
C:/devkitPro/libnx/lib\libnx.a(event.o)
                              C:/devkitPro/libnx/lib\libnx.a(pm.o) (eventLoadRemote)
C:/devkitPro/libnx/lib\libnx.a(sessionmgr.o)
                              C:/devkitPro/libnx/lib\libnx.a(fs.o) (sessionmgrCreate)
C:/devkitPro/libnx/lib\libnx.a(time.o)
                              C:/devkitPro/libnx/lib\libnx.a(fs_dev.o) (timeToPosixTimeWithMyRule)
C:/devkitPro/libnx/lib\libnx.a(dynamic.o)
                              C:/devkitPro/libnx/lib\libnx.a(switch_crt0.o) (__nx_dynamic)
C:/devkitPro/libnx/lib\libnx.a(init.o)
                              C:/devkitPro/libnx/lib\libnx.a(switch_crt0.o) (__libnx_init)
C:/devkitPro/libnx/lib\libnx.a(newlib.o)
                              C:/devkitPro/libnx/lib\libnx.a(init.o) (__libnx_init_time)
C:/devkitPro/libnx/lib\libnx.a(argv.o)
                              C:/devkitPro/libnx/lib\libnx.a(init.o) (argvSetup)
C:/devkitPro/libnx/lib\libnx.a(path_buf.o)
                              C:/devkitPro/libnx/lib\libnx.a(fs_dev.o) (__nx_dev_path_buf)
C:/devkitPro/libnx/lib\libnx.a(shmem.o)
                              C:/devkitPro/libnx/lib\libnx.a(time.o) (shmemLoadRemote)
C:/devkitPro/libnx/lib\libnx.a(condvar.o)
                              C:/devkitPro/libnx/lib\libnx.a(sessionmgr.o) (condvarWaitTimeout)
C:/devkitPro/libnx/lib\libnx.a(applet.o)
                              C:/devkitPro/libnx/lib\libnx.a(init.o) (__nx_applet_type)
C:/devkitPro/libnx/lib\libnx.a(hid.o)
                              C:/devkitPro/libnx/lib\libnx.a(init.o) (hidInitialize)
C:/devkitPro/libnx/lib\libnx.a(nxlink.o)
                              C:/devkitPro/libnx/lib\libnx.a(argv.o) (nxlinkSetup)
C:/devkitPro/libnx/lib\libnx.a(apm.o)
                              C:/devkitPro/libnx/lib\libnx.a(applet.o) (apmInitialize)
c:/devkitpro/devkita64/bin/../lib/gcc/aarch64-none-elf/11.1.0/../../../../aarch64-none-elf/lib/pic\libg.a(lib_a-aligned_alloc.o)
                              C:/devkitPro/libnx/lib\libnx.a(alloc.o) (aligned_alloc)
c:/devkitpro/devkita64/bin/../lib/gcc/aarch64-none-elf/11.1.0/../../../../aarch64-none-elf/lib/pic\libg.a(lib_a-bsearch.o)
                              C:/devkitPro/libnx/lib\libnx.a(fs_dev.o) (bsearch)
c:/devkitpro/devkita64/bin/../lib/gcc/aarch64-none-elf/11.1.0/../../../../aarch64-none-elf/lib/pic\libg.a(lib_a-ctype_.o)
                              C:/devkitPro/libnx/lib\libnx.a(argv.o) (_ctype_)
[...]
Memory Configuration

Name             Origin             Length             Attributes
*default*        0x0000000000000000 0xffffffffffffffff

Linker script and memory map

                0x0000000000000000                PROVIDE (__start__ = 0x0)
                0x0000000000000000                . = __start__
                0x0000000000000000                __code_start = .

.crt0           0x0000000000000000      0x140
 *(.crt0)
 .crt0          0x0000000000000000      0x140 C:/devkitPro/libnx/lib\libnx.a(switch_crt0.o)
                0x0000000000000000                _start
                0x0000000000000108                __nx_exit
                0x0000000000000118                __nx_mod0
                0x0000000000000140                . = ALIGN (0x8)

.init           0x0000000000000140       0x38
 *(.init)
 .init          0x0000000000000140       0x18 c:/devkitpro/devkita64/bin/../lib/gcc/aarch64-none-elf/11.1.0/pic/crti.o
                0x0000000000000140                _init
 .init          0x0000000000000158       0x1c c:/devkitpro/devkita64/bin/../lib/gcc/aarch64-none-elf/11.1.0/pic/crtn.o
                0x0000000000000178                . = ALIGN (0x8)
 *fill*         0x0000000000000174        0x4 

.plt            0x0000000000000178        0x0
 *(.plt)
 .plt           0x0000000000000178        0x0 c:/devkitpro/devkita64/bin/../lib/gcc/aarch64-none-elf/11.1.0/pic/crti.o
 *(.iplt)
                0x0000000000000178                . = ALIGN (0x8)

.text           0x0000000000000180     0xa720
 *(.text.unlikely .text.*_unlikely .text.unlikely.*)
 *(.text.exit .text.exit.*)
 *(.text.startup .text.startup.*)
 .text.startup.main
                0x0000000000000180      0x304 main.o
                0x0000000000000180                main
 *(.text.hot .text.hot.*)
 *(.text .stub .text.* .gnu.linkonce.t.*)
 *fill*         0x0000000000000484        0xc 
 .text.__do_global_dtors_aux
                0x0000000000000490       0x44 c:/devkitpro/devkita64/bin/../lib/gcc/aarch64-none-elf/11.1.0/pic/crtbegin.o
 *fill*         0x00000000000004d4        0xc 
 .text.frame_dummy
                0x00000000000004e0       0x24 c:/devkitpro/devkita64/bin/../lib/gcc/aarch64-none-elf/11.1.0/pic/crtbegin.o
 *fill*         0x0000000000000504        0xc 
 .text.procHandleReceiveThread
                0x0000000000000510       0x98 main.o
 *fill*         0x00000000000005a8        0x8 
 .text.readSetting.constprop.0.isra.0
                0x00000000000005b0       0x8c main.o
 *fill*         0x000000000000063c        0x4 
 .text.__libnx_initheap
                0x0000000000000640       0x2c main.o
                0x0000000000000640                __libnx_initheap
 *fill*         0x000000000000066c        0x4 
 .text.__appInit
                0x0000000000000670       0xa4 main.o
                0x0000000000000670                __appInit
 *fill*         0x0000000000000714        0xc 
 .text.__wrap_exit
                0x0000000000000720       0x10 main.o
                0x0000000000000720                __wrap_exit
 .text.loadNro  0x0000000000000730      0x4b8 main.o
                0x0000000000000730                loadNro
 .text.nroEntrypointTrampoline
                0x0000000000000be8       0x28 trampoline.o
                0x0000000000000be8                nroEntrypointTrampoline
 .text.__libnx_exception_entry
                0x0000000000000c10       0x1c trampoline.o
                0x0000000000000c10                __libnx_exception_entry
 *fill*         0x0000000000000c2c        0x4 
 .text.randomGet
                0x0000000000000c30      0x3d4 C:/devkitPro/libnx/lib\libnx.a(random.o)
                0x0000000000000c30                randomGet
 *fill*         0x0000000000001004        0xc 
 .text.randomGet64
                0x0000000000001010       0x20 C:/devkitPro/libnx/lib\libnx.a(random.o)
                0x0000000000001010                randomGet64
 .text.__libnx_init_thread
                0x0000000000001030       0xac C:/devkitPro/libnx/lib\libnx.a(thread.o)
                0x0000000000001030                __libnx_init_thread
 *fill*         0x00000000000010dc        0x4 
 .text.threadCreate
                0x00000000000010e0      0x280 C:/devkitPro/libnx/lib\libnx.a(thread.o)
                0x00000000000010e0                threadCreate
 .text.threadExit
                0x0000000000001360       0xa0 C:/devkitPro/libnx/lib\libnx.a(thread.o)
                0x0000000000001360                threadExit
 .text._EntryWrap
                0x0000000000001400       0x90 C:/devkitPro/libnx/lib\libnx.a(thread.o)
 .text.threadStart
                0x0000000000001490        0x8 C:/devkitPro/libnx/lib\libnx.a(thread.o)
                0x0000000000001490                threadStart
 *fill*         0x0000000000001498        0x8 
 .text.threadWaitForExit
                0x00000000000014a0       0x2c C:/devkitPro/libnx/lib\libnx.a(thread.o)
                0x00000000000014a0                threadWaitForExit
 *fill*         0x00000000000014cc        0x4 
 .text.threadClose
                0x00000000000014d0       0x98 C:/devkitPro/libnx/lib\libnx.a(thread.o)
                0x00000000000014d0                threadClose
 *fill*         0x0000000000001568        0x8 
 .text._pmshellCleanup
                0x0000000000001570       0x68 C:/devkitPro/libnx/lib\libnx.a(pm.o)
 *fill*         0x00000000000015d8        0x8 
 .text.pmshellInitialize
                0x00000000000015e0       0xa0 C:/devkitPro/libnx/lib\libnx.a(pm.o)
                0x00000000000015e0                pmshellInitialize
 .text.pmshellExit
                0x0000000000001680       0x44 C:/devkitPro/libnx/lib\libnx.a(pm.o)
                0x0000000000001680                pmshellExit
 *fill*         0x00000000000016c4        0xc 
 .text.pmshellGetApplicationProcessIdForShell
                0x00000000000016d0       0xe8 C:/devkitPro/libnx/lib\libnx.a(pm.o)
                0x00000000000016d0                pmshellGetApplicationProcessIdForShell
 *fill*         0x00000000000017b8        0x8 
 .text._nsCleanup
                0x00000000000017c0       0xb4 C:/devkitPro/libnx/lib\libnx.a(ns.o)
 *fill*         0x0000000000001874        0xc 
 .text._nsGetSession.isra.0
                0x0000000000001880       0xf4 C:/devkitPro/libnx/lib\libnx.a(ns.o)
 *fill*         0x0000000000001974        0xc 
 .text.nsInitialize
                0x0000000000001980      0x290 C:/devkitPro/libnx/lib\libnx.a(ns.o)
                0x0000000000001980                nsInitialize
 .text.nsExit   0x0000000000001c10       0x44 C:/devkitPro/libnx/lib\libnx.a(ns.o)
                0x0000000000001c10                nsExit
 *fill*         0x0000000000001c54        0xc 
 .text.nsGetReadOnlyApplicationControlDataInterface
                0x0000000000001c60       0x58 C:/devkitPro/libnx/lib\libnx.a(ns.o)
                0x0000000000001c60                nsGetReadOnlyApplicationControlDataInterface
 *fill*         0x0000000000001cb8        0x8 
 .text.nsGetApplicationManagerInterface
                0x0000000000001cc0       0x54 C:/devkitPro/libnx/lib\libnx.a(ns.o)
                0x0000000000001cc0                nsGetApplicationManagerInterface
 *fill*         0x0000000000001d14        0xc 
 .text.nsGetApplicationControlData
                0x0000000000001d20      0x218 C:/devkitPro/libnx/lib\libnx.a(ns.o)
                0x0000000000001d20                nsGetApplicationControlData
 *fill*         0x0000000000001f38        0x8 
 .text._setsysGetFirmwareVersionImpl
                0x0000000000001f40       0xd4 C:/devkitPro/libnx/lib\libnx.a(set.o)
 *fill*         0x0000000000002014        0xc 
 .text._setsysCleanup
                0x0000000000002020       0x68 C:/devkitPro/libnx/lib\libnx.a(set.o)
 *fill*         0x0000000000002088        0x8 
 .text.setsysInitialize
                0x0000000000002090       0xa0 C:/devkitPro/libnx/lib\libnx.a(set.o)
                0x0000000000002090                setsysInitialize
 .text.setsysExit
                0x0000000000002130       0x44 C:/devkitPro/libnx/lib\libnx.a(set.o)
                0x0000000000002130                setsysExit
 *fill*         0x0000000000002174        0xc 
 .text.setsysGetFirmwareVersion
                0x0000000000002180       0x44 C:/devkitPro/libnx/lib\libnx.a(set.o)
                0x0000000000002180                setsysGetFirmwareVersion
 *fill*         0x00000000000021c4        0xc 
 .text.setsysGetSettingsItemValueSize
                0x00000000000021d0      0x150 C:/devkitPro/libnx/lib\libnx.a(set.o)
                0x00000000000021d0                setsysGetSettingsItemValueSize
 .text.setsysGetSettingsItemValue
                0x0000000000002320      0x17c C:/devkitPro/libnx/lib\libnx.a(set.o)
                0x0000000000002320                setsysGetSettingsItemValue
 *fill*         0x000000000000249c        0x4 
 .text._fatalCmd
                0x00000000000024a0      0x1b8 C:/devkitPro/libnx/lib\libnx.a(fatal.o)
 *fill*         0x0000000000002658        0x8 
 .text.fatalThrowWithPolicy
                0x0000000000002660        0xc C:/devkitPro/libnx/lib\libnx.a(fatal.o)
                0x0000000000002660                fatalThrowWithPolicy
 *fill*         0x000000000000266c        0x4 
 .text.fatalThrow
                0x0000000000002670       0x14 C:/devkitPro/libnx/lib\libnx.a(fatal.o)
                0x0000000000002670                fatalThrow
 *fill*         0x0000000000002684        0xc 
 .text._fsCleanup
                0x0000000000002690       0xb4 C:/devkitPro/libnx/lib\libnx.a(fs.o)
 *fill*         0x0000000000002744        0xc 
 .text._fsCmdNoIO
                0x0000000000002750      0x1b0 C:/devkitPro/libnx/lib\libnx.a(fs.o)
 .text._fsFsCmdWithInPath
                0x0000000000002900      0x1d4 C:/devkitPro/libnx/lib\libnx.a(fs.o)
 *fill*         0x0000000000002ad4        0xc 
 .text._fsFsCmdWithTwoInPaths
                0x0000000000002ae0      0x1fc C:/devkitPro/libnx/lib\libnx.a(fs.o)
 *fill*         0x0000000000002cdc        0x4 
 .text._fsFsOpenCommon
                0x0000000000002ce0      0x23c C:/devkitPro/libnx/lib\libnx.a(fs.o)
 *fill*         0x0000000000002f1c        0x4 
 .text._fsFsCmdWithInPathAndOutU64
                0x0000000000002f20      0x1f0 C:/devkitPro/libnx/lib\libnx.a(fs.o)
 .text._fsObjectClose
                0x0000000000003110       0xf4 C:/devkitPro/libnx/lib\libnx.a(fs.o)
 *fill*         0x0000000000003204        0xc 
 .text._fsCmdGetSession.constprop.0
                0x0000000000003210      0x17c C:/devkitPro/libnx/lib\libnx.a(fs.o)
 *fill*         0x000000000000338c        0x4 
 .text.fsInitialize
                0x0000000000003390      0x318 C:/devkitPro/libnx/lib\libnx.a(fs.o)
                0x0000000000003390                fsInitialize
 *fill*         0x00000000000036a8        0x8 
 .text.fsOpenSdCardFileSystem
                0x00000000000036b0        0x8 C:/devkitPro/libnx/lib\libnx.a(fs.o)
                0x00000000000036b0                fsOpenSdCardFileSystem
 *fill*         0x00000000000036b8        0x8 
 .text.fsFsCreateFile
                0x00000000000036c0      0x1e4 C:/devkitPro/libnx/lib\libnx.a(fs.o)
                0x00000000000036c0                fsFsCreateFile
 *fill*         0x00000000000038a4        0xc 
 .text.fsFsDeleteFile
                0x00000000000038b0        0x8 C:/devkitPro/libnx/lib\libnx.a(fs.o)
                0x00000000000038b0                fsFsDeleteFile
 *fill*         0x00000000000038b8        0x8 
 .text.fsFsCreateDirectory
                0x00000000000038c0        0x8 C:/devkitPro/libnx/lib\libnx.a(fs.o)
                0x00000000000038c0                fsFsCreateDirectory
 *fill*         0x00000000000038c8        0x8 
 .text.fsFsDeleteDirectory
                0x00000000000038d0        0x8 C:/devkitPro/libnx/lib\libnx.a(fs.o)
                0x00000000000038d0                fsFsDeleteDirectory
 *fill*         0x00000000000038d8        0x8 
 .text.fsFsRenameFile
                0x00000000000038e0        0x8 C:/devkitPro/libnx/lib\libnx.a(fs.o)
                0x00000000000038e0                fsFsRenameFile
 *fill*         0x00000000000038e8        0x8 
 .text.fsFsRenameDirectory
                0x00000000000038f0        0x8 C:/devkitPro/libnx/lib\libnx.a(fs.o)
                0x00000000000038f0                fsFsRenameDirectory
 *fill*         0x00000000000038f8        0x8 
 .text.fsFsGetEntryType
                0x0000000000003900      0x1ec C:/devkitPro/libnx/lib\libnx.a(fs.o)
                0x0000000000003900                fsFsGetEntryType
 *fill*         0x0000000000003aec        0x4 
 .text.fsFsOpenFile
                0x0000000000003af0        0x8 C:/devkitPro/libnx/lib\libnx.a(fs.o)
                0x0000000000003af0                fsFsOpenFile
 *fill*         0x0000000000003af8        0x8 
 .text.fsFsOpenDirectory
                0x0000000000003b00        0x8 C:/devkitPro/libnx/lib\libnx.a(fs.o)
                0x0000000000003b00                fsFsOpenDirectory
 *fill*         0x0000000000003b08        0x8 
 .text.fsFsGetFreeSpace
                0x0000000000003b10        0x8 C:/devkitPro/libnx/lib\libnx.a(fs.o)
                0x0000000000003b10                fsFsGetFreeSpace
 *fill*         0x0000000000003b18        0x8 
 .text.fsFsGetTotalSpace
                0x0000000000003b20        0x8 C:/devkitPro/libnx/lib\libnx.a(fs.o)
                0x0000000000003b20                fsFsGetTotalSpace
 *fill*         0x0000000000003b28        0x8 
 .text.fsFsGetFileTimeStampRaw
                0x0000000000003b30      0x230 C:/devkitPro/libnx/lib\libnx.a(fs.o)
                0x0000000000003b30                fsFsGetFileTimeStampRaw
 .text.fsFsClose
                0x0000000000003d60        0x4 C:/devkitPro/libnx/lib\libnx.a(fs.o)
                0x0000000000003d60                fsFsClose
 *fill*         0x0000000000003d64        0xc 
 .text.fsFileRead
                0x0000000000003d70      0x210 C:/devkitPro/libnx/lib\libnx.a(fs.o)
                0x0000000000003d70                fsFileRead
 .text.fsFileWrite
                0x0000000000003f80      0x200 C:/devkitPro/libnx/lib\libnx.a(fs.o)
                0x0000000000003f80                fsFileWrite
 .text.fsFileFlush
                0x0000000000004180        0x8 C:/devkitPro/libnx/lib\libnx.a(fs.o)
                0x0000000000004180                fsFileFlush
 *fill*         0x0000000000004188        0x8 
 .text.fsFileSetSize
                0x0000000000004190      0x1b4 C:/devkitPro/libnx/lib\libnx.a(fs.o)
                0x0000000000004190                fsFileSetSize
 *fill*         0x0000000000004344        0xc 
 .text.fsFileGetSize
                0x0000000000004350      0x1c4 C:/devkitPro/libnx/lib\libnx.a(fs.o)
                0x0000000000004350                fsFileGetSize
 *fill*         0x0000000000004514        0xc 
 .text.fsFileClose
                0x0000000000004520        0x4 C:/devkitPro/libnx/lib\libnx.a(fs.o)
                0x0000000000004520                fsFileClose
 *fill*         0x0000000000004524        0xc 
 .text.fsDirClose
                0x0000000000004530        0x4 C:/devkitPro/libnx/lib\libnx.a(fs.o)
                0x0000000000004530                fsDirClose
 *fill*         0x0000000000004534        0xc 
 .text.fsDirRead
                0x0000000000004540      0x204 C:/devkitPro/libnx/lib\libnx.a(fs.o)
                0x0000000000004540                fsDirRead
 *fill*         0x0000000000004744        0xc 
 .text._smCmifCmdInPid
                0x0000000000004750       0xd0 C:/devkitPro/libnx/lib\libnx.a(sm.o)
 .text._smCleanup
                0x0000000000004820       0x68 C:/devkitPro/libnx/lib\libnx.a(sm.o)
 *fill*         0x0000000000004888        0x8 
 .text.smAddOverrideHandle
                0x0000000000004890       0x48 C:/devkitPro/libnx/lib\libnx.a(sm.o)
                0x0000000000004890                smAddOverrideHandle
 *fill*         0x00000000000048d8        0x8 
 .text.smGetServiceOverride
                0x00000000000048e0       0x54 C:/devkitPro/libnx/lib\libnx.a(sm.o)
                0x00000000000048e0                smGetServiceOverride
 *fill*         0x0000000000004934        0xc 
 .text.smInitialize
                0x0000000000004940      0x1c0 C:/devkitPro/libnx/lib\libnx.a(sm.o)
                0x0000000000004940                smInitialize
 .text.smExit   0x0000000000004b00       0x44 C:/devkitPro/libnx/lib\libnx.a(sm.o)
                0x0000000000004b00                smExit
 *fill*         0x0000000000004b44        0xc 
 .text.smGetServiceOriginal
                0x0000000000004b50       0xd0 C:/devkitPro/libnx/lib\libnx.a(sm.o)
                0x0000000000004b50                smGetServiceOriginal
 .text.smGetServiceWrapper
                0x0000000000004c20      0x120 C:/devkitPro/libnx/lib\libnx.a(sm.o)
                0x0000000000004c20                smGetServiceWrapper
 .text.hosversionGet
                0x0000000000004d40       0x14 C:/devkitPro/libnx/lib\libnx.a(hosversion.o)
                0x0000000000004d40                hosversionGet
 *fill*         0x0000000000004d54        0xc 
 .text.hosversionSet
                0x0000000000004d60       0x10 C:/devkitPro/libnx/lib\libnx.a(hosversion.o)
                0x0000000000004d60                hosversionSet
 .text.envSetup
                0x0000000000004d70      0x24c C:/devkitPro/libnx/lib\libnx.a(env.o)
                0x0000000000004d70                envSetup
 *fill*         0x0000000000004fbc        0x4 
 .text.envGetMainThreadHandle
                0x0000000000004fc0       0x20 C:/devkitPro/libnx/lib\libnx.a(env.o)
                0x0000000000004fc0                envGetMainThreadHandle
 .text.envIsNso
                0x0000000000004fe0        0xc C:/devkitPro/libnx/lib\libnx.a(env.o)
                0x0000000000004fe0                envIsNso
 *fill*         0x0000000000004fec        0x4 
 .text.envHasArgv
                0x0000000000004ff0       0x14 C:/devkitPro/libnx/lib\libnx.a(env.o)
                0x0000000000004ff0                envHasArgv
 *fill*         0x0000000000005004        0xc 
 .text.envGetArgv
                0x0000000000005010        0xc C:/devkitPro/libnx/lib\libnx.a(env.o)
                0x0000000000005010                envGetArgv
 *fill*         0x000000000000501c        0x4 
 .text.envHasRandomSeed
                0x0000000000005020        0xc C:/devkitPro/libnx/lib\libnx.a(env.o)
                0x0000000000005020                envHasRandomSeed
 *fill*         0x000000000000502c        0x4 
 .text.envGetRandomSeed
                0x0000000000005030       0x18 C:/devkitPro/libnx/lib\libnx.a(env.o)
                0x0000000000005030                envGetRandomSeed
 *fill*         0x0000000000005048        0x8 
 .text.__libnx_alloc
                0x0000000000005050        0x4 C:/devkitPro/libnx/lib\libnx.a(alloc.o)
                0x0000000000005050                __libnx_alloc
 *fill*         0x0000000000005054        0xc 
 .text.__libnx_aligned_alloc
                0x0000000000005060       0x14 C:/devkitPro/libnx/lib\libnx.a(alloc.o)
                0x0000000000005060                __libnx_aligned_alloc
 *fill*         0x0000000000005074        0xc 
 .text.__libnx_free
                0x0000000000005080        0x4 C:/devkitPro/libnx/lib\libnx.a(alloc.o)
                0x0000000000005080                __libnx_free
 *fill*         0x0000000000005084        0xc 
 .text.diagAbortWithResult
                0x0000000000005090       0x1c C:/devkitPro/libnx/lib\libnx.a(diag.o)
                0x0000000000005090                diagAbortWithResult
 *fill*         0x00000000000050ac        0x4 
 .text.fsdev_link
                0x00000000000050b0       0x14 C:/devkitPro/libnx/lib\libnx.a(fs_dev.o)
 *fill*         0x00000000000050c4        0xc 
 .text.fsdev_dirreset
                0x00000000000050d0       0x14 C:/devkitPro/libnx/lib\libnx.a(fs_dev.o)
 *fill*         0x00000000000050e4        0xc 
 .text.fsdev_chmod
                0x00000000000050f0       0x14 C:/devkitPro/libnx/lib\libnx.a(fs_dev.o)
 *fill*         0x0000000000005104        0xc 
 .text.error_cmp
                0x0000000000005110       0x18 C:/devkitPro/libnx/lib\libnx.a(fs_dev.o)
 *fill*         0x0000000000005128        0x8 
 .text.fsdev_dirclose
                0x0000000000005130       0x20 C:/devkitPro/libnx/lib\libnx.a(fs_dev.o)
 .text.fsdev_close
                0x0000000000005150       0x1c C:/devkitPro/libnx/lib\libnx.a(fs_dev.o)
 *fill*         0x000000000000516c        0x4 
 .text.fsdev_converttimetoutc
                0x0000000000005170       0x80 C:/devkitPro/libnx/lib\libnx.a(fs_dev.o)
 .text.fsdevFindDevice.part.0
                0x00000000000051f0       0xb8 C:/devkitPro/libnx/lib\libnx.a(fs_dev.o)
 *fill*         0x00000000000052a8        0x8 
 .text.fsdev_fixpath
                0x00000000000052b0      0x1e0 C:/devkitPro/libnx/lib\libnx.a(fs_dev.o)
 .text._fsdevUnmountDeviceStruct.part.0
                0x0000000000005490       0xa0 C:/devkitPro/libnx/lib\libnx.a(fs_dev.o)
 .text.fsdev_fchmod
                0x0000000000005530       0x14 C:/devkitPro/libnx/lib\libnx.a(fs_dev.o)
 *fill*         0x0000000000005544        0xc 
 .text.fsdev_diropen
                0x0000000000005550      0x108 C:/devkitPro/libnx/lib\libnx.a(fs_dev.o)
 *fill*         0x0000000000005658        0x8 
 .text.fsdev_fsync
                0x0000000000005660       0x7c C:/devkitPro/libnx/lib\libnx.a(fs_dev.o)
 *fill*         0x00000000000056dc        0x4 
 .text.fsdev_fstat
                0x00000000000056e0      0x108 C:/devkitPro/libnx/lib\libnx.a(fs_dev.o)
 *fill*         0x00000000000057e8        0x8 
 .text.fsdev_ftruncate
                0x00000000000057f0       0x94 C:/devkitPro/libnx/lib\libnx.a(fs_dev.o)
 *fill*         0x0000000000005884        0xc 
 .text.fsdev_stat
                0x0000000000005890      0x1f8 C:/devkitPro/libnx/lib\libnx.a(fs_dev.o)
 *fill*         0x0000000000005a88        0x8 
 .text.fsdev_rename
                0x0000000000005a90      0x154 C:/devkitPro/libnx/lib\libnx.a(fs_dev.o)
 *fill*         0x0000000000005be4        0xc 
 .text.fsdev_chdir
                0x0000000000005bf0      0x148 C:/devkitPro/libnx/lib\libnx.a(fs_dev.o)
 *fill*         0x0000000000005d38        0x8 
 .text.fsdev_mkdir
                0x0000000000005d40       0xac C:/devkitPro/libnx/lib\libnx.a(fs_dev.o)
 *fill*         0x0000000000005dec        0x4 
 .text.fsdev_unlink
                0x0000000000005df0       0xac C:/devkitPro/libnx/lib\libnx.a(fs_dev.o)
 *fill*         0x0000000000005e9c        0x4 
 .text.fsdev_rmdir
                0x0000000000005ea0       0xac C:/devkitPro/libnx/lib\libnx.a(fs_dev.o)
 *fill*         0x0000000000005f4c        0x4 
 .text.fsdev_statvfs
                0x0000000000005f50      0x104 C:/devkitPro/libnx/lib\libnx.a(fs_dev.o)
 *fill*         0x0000000000006054        0xc 
 .text.fsdev_write_safe
                0x0000000000006060      0x13c C:/devkitPro/libnx/lib\libnx.a(fs_dev.o)
 *fill*         0x000000000000619c        0x4 
 .text.fsdev_read_safe
                0x00000000000061a0      0x13c C:/devkitPro/libnx/lib\libnx.a(fs_dev.o)
 *fill*         0x00000000000062dc        0x4 
 .text.fsdev_read
                0x00000000000062e0      0x104 C:/devkitPro/libnx/lib\libnx.a(fs_dev.o)
 *fill*         0x00000000000063e4        0xc 
 .text.fsdev_dirnext
                0x00000000000063f0      0x1d4 C:/devkitPro/libnx/lib\libnx.a(fs_dev.o)
 *fill*         0x00000000000065c4        0xc 
 .text.fsdev_write
                0x00000000000065d0      0x124 C:/devkitPro/libnx/lib\libnx.a(fs_dev.o)
 *fill*         0x00000000000066f4        0xc 
 .text.fsdev_seek
                0x0000000000006700       0xe4 C:/devkitPro/libnx/lib\libnx.a(fs_dev.o)
 *fill*         0x00000000000067e4        0xc 
 .text.fsdev_open
                0x00000000000067f0      0x238 C:/devkitPro/libnx/lib\libnx.a(fs_dev.o)
 *fill*         0x0000000000006a28        0x8 
 .text.fsdevMountDevice
                0x0000000000006a30      0x26c C:/devkitPro/libnx/lib\libnx.a(fs_dev.o)
                0x0000000000006a30                fsdevMountDevice
 *fill*         0x0000000000006c9c        0x4 
 .text.fsdevMountSdmc
                0x0000000000006ca0       0x48 C:/devkitPro/libnx/lib\libnx.a(fs_dev.o)
                0x0000000000006ca0                fsdevMountSdmc
 *fill*         0x0000000000006ce8        0x8 
 .text.fsdevUnmountAll
                0x0000000000006cf0       0x64 C:/devkitPro/libnx/lib\libnx.a(fs_dev.o)
                0x0000000000006cf0                fsdevUnmountAll
 *fill*         0x0000000000006d54        0xc 
 .text.decode_utf8
                0x0000000000006d60      0x12c C:/devkitPro/libnx/lib\libnx.a(decode_utf8.o)
                0x0000000000006d60                decode_utf8
 .text.svcSetHeapSize
                0x0000000000006e8c       0x14 C:/devkitPro/libnx/lib\libnx.a(svc.o)
                0x0000000000006e8c                svcSetHeapSize
 .text.svcMapMemory
                0x0000000000006ea0        0x8 C:/devkitPro/libnx/lib\libnx.a(svc.o)
                0x0000000000006ea0                svcMapMemory
 .text.svcUnmapMemory
                0x0000000000006ea8        0x8 C:/devkitPro/libnx/lib\libnx.a(svc.o)
                0x0000000000006ea8                svcUnmapMemory
 .text.svcQueryMemory
                0x0000000000006eb0       0x14 C:/devkitPro/libnx/lib\libnx.a(svc.o)
                0x0000000000006eb0                svcQueryMemory
 .text.svcExitProcess
                0x0000000000006ec4        0x8 C:/devkitPro/libnx/lib\libnx.a(svc.o)
                0x0000000000006ec4                svcExitProcess
 .text.svcCreateThread
                0x0000000000006ecc       0x14 C:/devkitPro/libnx/lib\libnx.a(svc.o)
                0x0000000000006ecc                svcCreateThread
 .text.svcStartThread
                0x0000000000006ee0        0x8 C:/devkitPro/libnx/lib\libnx.a(svc.o)
                0x0000000000006ee0                svcStartThread
 .text.svcExitThread
                0x0000000000006ee8        0x8 C:/devkitPro/libnx/lib\libnx.a(svc.o)
                0x0000000000006ee8                svcExitThread
 .text.svcSleepThread
                0x0000000000006ef0        0x8 C:/devkitPro/libnx/lib\libnx.a(svc.o)
                0x0000000000006ef0                svcSleepThread
 .text.svcCloseHandle
                0x0000000000006ef8        0x8 C:/devkitPro/libnx/lib\libnx.a(svc.o)
                0x0000000000006ef8                svcCloseHandle
 .text.svcWaitSynchronization
                0x0000000000006f00       0x14 C:/devkitPro/libnx/lib\libnx.a(svc.o)
                0x0000000000006f00                svcWaitSynchronization
 .text.svcArbitrateLock
                0x0000000000006f14        0x8 C:/devkitPro/libnx/lib\libnx.a(svc.o)
                0x0000000000006f14                svcArbitrateLock
 .text.svcArbitrateUnlock
                0x0000000000006f1c        0x8 C:/devkitPro/libnx/lib\libnx.a(svc.o)
                0x0000000000006f1c                svcArbitrateUnlock
 .text.svcWaitProcessWideKeyAtomic
                0x0000000000006f24        0x8 C:/devkitPro/libnx/lib\libnx.a(svc.o)
                0x0000000000006f24                svcWaitProcessWideKeyAtomic
 .text.svcSignalProcessWideKey
                0x0000000000006f2c        0x8 C:/devkitPro/libnx/lib\libnx.a(svc.o)
                0x0000000000006f2c                svcSignalProcessWideKey
 .text.svcConnectToNamedPort
                0x0000000000006f34       0x14 C:/devkitPro/libnx/lib\libnx.a(svc.o)
                0x0000000000006f34                svcConnectToNamedPort
 .text.svcSendSyncRequest
                0x0000000000006f48        0x8 C:/devkitPro/libnx/lib\libnx.a(svc.o)
                0x0000000000006f48                svcSendSyncRequest
 .text.svcGetProcessId
                0x0000000000006f50       0x14 C:/devkitPro/libnx/lib\libnx.a(svc.o)
                0x0000000000006f50                svcGetProcessId
 .text.svcBreak
                0x0000000000006f64        0x8 C:/devkitPro/libnx/lib\libnx.a(svc.o)
                0x0000000000006f64                svcBreak
 .text.svcReturnFromException
                0x0000000000006f6c        0x8 C:/devkitPro/libnx/lib\libnx.a(svc.o)
                0x0000000000006f6c                svcReturnFromException
 .text.svcGetInfo
                0x0000000000006f74       0x14 C:/devkitPro/libnx/lib\libnx.a(svc.o)
                0x0000000000006f74                svcGetInfo
 .text.svcCreateSession
                0x0000000000006f88       0x18 C:/devkitPro/libnx/lib\libnx.a(svc.o)
                0x0000000000006f88                svcCreateSession
 .text.svcReplyAndReceive
                0x0000000000006fa0       0x14 C:/devkitPro/libnx/lib\libnx.a(svc.o)
                0x0000000000006fa0                svcReplyAndReceive
 .text.svcSetProcessMemoryPermission
                0x0000000000006fb4        0x8 C:/devkitPro/libnx/lib\libnx.a(svc.o)
                0x0000000000006fb4                svcSetProcessMemoryPermission
 .text.svcMapProcessCodeMemory
                0x0000000000006fbc        0x8 C:/devkitPro/libnx/lib\libnx.a(svc.o)
                0x0000000000006fbc                svcMapProcessCodeMemory
 .text.svcUnmapProcessCodeMemory
                0x0000000000006fc4        0x8 C:/devkitPro/libnx/lib\libnx.a(svc.o)
                0x0000000000006fc4                svcUnmapProcessCodeMemory
 .text.__aarch64_read_tp
                0x0000000000006fcc        0xc C:/devkitPro/libnx/lib\libnx.a(readtp.o)
                0x0000000000006fcc                __aarch64_read_tp
 *fill*         0x0000000000006fd8        0x8 
 .text.waitHandles
                0x0000000000006fe0       0xf8 C:/devkitPro/libnx/lib\libnx.a(wait.o)
                0x0000000000006fe0                waitHandles
 *fill*         0x00000000000070d8        0x8 
 .text.mutexLock
                0x00000000000070e0       0x80 C:/devkitPro/libnx/lib\libnx.a(mutex.o)
                0x00000000000070e0                mutexLock
 .text.mutexUnlock
                0x0000000000007160       0x68 C:/devkitPro/libnx/lib\libnx.a(mutex.o)
                0x0000000000007160                mutexUnlock
 *fill*         0x00000000000071c8        0x8 
 .text.mutexIsLockedByCurrentThread
                0x00000000000071d0       0x1c C:/devkitPro/libnx/lib\libnx.a(mutex.o)
                0x00000000000071d0                mutexIsLockedByCurrentThread
 *fill*         0x00000000000071ec        0x4 
 .text.rmutexLock
                0x00000000000071f0       0x4c C:/devkitPro/libnx/lib\libnx.a(mutex.o)
                0x00000000000071f0                rmutexLock
 *fill*         0x000000000000723c        0x4 
 .text.rmutexUnlock
                0x0000000000007240       0x1c C:/devkitPro/libnx/lib\libnx.a(mutex.o)
                0x0000000000007240                rmutexUnlock
 *fill*         0x000000000000725c        0x4 
 .text._memregionInitWithInfo
                0x0000000000007260       0x64 C:/devkitPro/libnx/lib\libnx.a(virtmem.o)
 *fill*         0x00000000000072c4        0xc 
 .text.__libnx_virtmem_rng
                0x00000000000072d0        0x4 C:/devkitPro/libnx/lib\libnx.a(virtmem.o)
                0x00000000000072d0                __libnx_virtmem_rng
 *fill*         0x00000000000072d4        0xc 
 .text._memregionFindRandom
                0x00000000000072e0      0x178 C:/devkitPro/libnx/lib\libnx.a(virtmem.o)
 *fill*         0x0000000000007458        0x8 
 .text.virtmemSetup
                0x0000000000007460      0x120 C:/devkitPro/libnx/lib\libnx.a(virtmem.o)
                0x0000000000007460                virtmemSetup
 .text.virtmemLock
                0x0000000000007580        0xc C:/devkitPro/libnx/lib\libnx.a(virtmem.o)
                0x0000000000007580                virtmemLock
 *fill*         0x000000000000758c        0x4 
 .text.virtmemUnlock
                0x0000000000007590        0xc C:/devkitPro/libnx/lib\libnx.a(virtmem.o)
                0x0000000000007590                virtmemUnlock
 *fill*         0x000000000000759c        0x4 
 .text.virtmemFindStack
                0x00000000000075a0       0x54 C:/devkitPro/libnx/lib\libnx.a(virtmem.o)
                0x00000000000075a0                virtmemFindStack
 *fill*         0x00000000000075f4        0xc 
 .text.sessionmgrCreate
                0x0000000000007600      0x180 C:/devkitPro/libnx/lib\libnx.a(sessionmgr.o)
                0x0000000000007600                sessionmgrCreate
 .text.sessionmgrClose
                0x0000000000007780       0x84 C:/devkitPro/libnx/lib\libnx.a(sessionmgr.o)
                0x0000000000007780                sessionmgrClose
 *fill*         0x0000000000007804        0xc 
 .text.sessionmgrAttachClient
                0x0000000000007810       0xb4 C:/devkitPro/libnx/lib\libnx.a(sessionmgr.o)
                0x0000000000007810                sessionmgrAttachClient
 *fill*         0x00000000000078c4        0xc 
 .text.sessionmgrDetachClient
                0x00000000000078d0       0x70 C:/devkitPro/libnx/lib\libnx.a(sessionmgr.o)
                0x00000000000078d0                sessionmgrDetachClient
 .text.timeToPosixTimeWithMyRule
                0x0000000000007940      0x104 C:/devkitPro/libnx/lib\libnx.a(time.o)
                0x0000000000007940                timeToPosixTimeWithMyRule
 *fill*         0x0000000000007a44        0xc 
 .text.__nx_dynamic
                0x0000000000007a50       0xa0 C:/devkitPro/libnx/lib\libnx.a(dynamic.o)
                0x0000000000007a50                __nx_dynamic
 .text.__libnx_init
                0x0000000000007af0       0x2c C:/devkitPro/libnx/lib\libnx.a(init.o)
                0x0000000000007af0                __libnx_init
 *fill*         0x0000000000007b1c        0x4 
 .text.__syscall_getreent
                0x0000000000007b20       0x34 C:/devkitPro/libnx/lib\libnx.a(newlib.o)
                0x0000000000007b20                __syscall_getreent
 *fill*         0x0000000000007b54        0xc 
 .text.__syscall_lock_acquire
                0x0000000000007b60        0x4 C:/devkitPro/libnx/lib\libnx.a(newlib.o)
                0x0000000000007b60                __syscall_lock_acquire
 *fill*         0x0000000000007b64        0xc 
 .text.__syscall_lock_release
                0x0000000000007b70        0x4 C:/devkitPro/libnx/lib\libnx.a(newlib.o)
                0x0000000000007b70                __syscall_lock_release
 *fill*         0x0000000000007b74        0xc 
 .text.__syscall_lock_acquire_recursive
                0x0000000000007b80        0x4 C:/devkitPro/libnx/lib\libnx.a(newlib.o)
                0x0000000000007b80                __syscall_lock_acquire_recursive
 *fill*         0x0000000000007b84        0xc 
 .text.__syscall_lock_release_recursive
                0x0000000000007b90        0x4 C:/devkitPro/libnx/lib\libnx.a(newlib.o)
                0x0000000000007b90                __syscall_lock_release_recursive
 *fill*         0x0000000000007b94        0xc 
 .text.newlibSetup
                0x0000000000007ba0       0x84 C:/devkitPro/libnx/lib\libnx.a(newlib.o)
                0x0000000000007ba0                newlibSetup
 *fill*         0x0000000000007c24        0xc 
 .text.argvSetup
                0x0000000000007c30      0x320 C:/devkitPro/libnx/lib\libnx.a(argv.o)
                0x0000000000007c30                argvSetup
 .text.condvarWaitTimeout
                0x0000000000007f50       0x64 C:/devkitPro/libnx/lib\libnx.a(condvar.o)
                0x0000000000007f50                condvarWaitTimeout
 *fill*         0x0000000000007fb4        0xc 
 .text.nxlinkSetup
                0x0000000000007fc0       0xc4 C:/devkitPro/libnx/lib\libnx.a(nxlink.o)
                0x0000000000007fc0                nxlinkSetup
 *fill*         0x0000000000008084        0xc 
 .text.aligned_alloc
                0x0000000000008090       0x2c c:/devkitpro/devkita64/bin/../lib/gcc/aarch64-none-elf/11.1.0/../../../../aarch64-none-elf/lib/pic\libg.a(lib_a-aligned_alloc.o)
                0x0000000000008090                aligned_alloc
 *fill*         0x00000000000080bc        0x4 
 .text.bsearch  0x00000000000080c0       0xb8 c:/devkitpro/devkita64/bin/../lib/gcc/aarch64-none-elf/11.1.0/../../../../aarch64-none-elf/lib/pic\libg.a(lib_a-bsearch.o)
                0x00000000000080c0                bsearch
 *fill*         0x0000000000008178        0x8 
 .text.__errno  0x0000000000008180       0x14 c:/devkitpro/devkita64/bin/../lib/gcc/aarch64-none-elf/11.1.0/../../../../aarch64-none-elf/lib/pic\libg.a(lib_a-errno.o)
                0x0000000000008180                __errno
 *fill*         0x0000000000008194        0xc 
 .text.gmtime   0x00000000000081a0       0x2c c:/devkitpro/devkita64/bin/../lib/gcc/aarch64-none-elf/11.1.0/../../../../aarch64-none-elf/lib/pic\libg.a(lib_a-gmtime.o)
                0x00000000000081a0                gmtime
 *fill*         0x00000000000081cc        0x4 
 .text.gmtime_r
                0x00000000000081d0      0x29c c:/devkitpro/devkita64/bin/../lib/gcc/aarch64-none-elf/11.1.0/../../../../aarch64-none-elf/lib/pic\libg.a(lib_a-gmtime_r.o)
                0x00000000000081d0                gmtime_r
 *fill*         0x000000000000846c        0x4 
 .text.__libc_init_array
                0x0000000000008470       0x8c c:/devkitpro/devkita64/bin/../lib/gcc/aarch64-none-elf/11.1.0/../../../../aarch64-none-elf/lib/pic\libg.a(lib_a-init.o)
                0x0000000000008470                __libc_init_array
 *fill*         0x00000000000084fc        0x4 
 .text._memalign_r
                0x0000000000008500      0x17c c:/devkitpro/devkita64/bin/../lib/gcc/aarch64-none-elf/11.1.0/../../../../aarch64-none-elf/lib/pic\libg.a(lib_a-malignr.o)
                0x0000000000008500                _memalign_r
 *fill*         0x000000000000867c        0x4 
 .text.malloc   0x0000000000008680       0x24 c:/devkitpro/devkita64/bin/../lib/gcc/aarch64-none-elf/11.1.0/../../../../aarch64-none-elf/lib/pic\libg.a(lib_a-malloc.o)
                0x0000000000008680                malloc
 *fill*         0x00000000000086a4        0xc 
 .text.free     0x00000000000086b0       0x24 c:/devkitpro/devkita64/bin/../lib/gcc/aarch64-none-elf/11.1.0/../../../../aarch64-none-elf/lib/pic\libg.a(lib_a-malloc.o)
                0x00000000000086b0                free
 *fill*         0x00000000000086d4        0xc 
 .text._malloc_r
                0x00000000000086e0      0x86c c:/devkitpro/devkita64/bin/../lib/gcc/aarch64-none-elf/11.1.0/../../../../aarch64-none-elf/lib/pic\libg.a(lib_a-mallocr.o)
                0x00000000000086e0                _malloc_r
 *fill*         0x0000000000008f4c       0x34 
 .text          0x0000000000008f80      0x16c c:/devkitpro/devkita64/bin/../lib/gcc/aarch64-none-elf/11.1.0/../../../../aarch64-none-elf/lib/pic\libg.a(lib_a-memcpy.o)
                0x0000000000008f80                memcpy
 *fill*         0x00000000000090ec       0x14 
 .text          0x0000000000009100      0x1dc c:/devkitpro/devkita64/bin/../lib/gcc/aarch64-none-elf/11.1.0/../../../../aarch64-none-elf/lib/pic\libg.a(lib_a-memset.o)
                0x0000000000009100                memset
 *fill*         0x00000000000092dc        0x4 
 .text.__malloc_lock
                0x00000000000092e0        0xc c:/devkitpro/devkita64/bin/../lib/gcc/aarch64-none-elf/11.1.0/../../../../aarch64-none-elf/lib/pic\libg.a(lib_a-mlock.o)
                0x00000000000092e0                __malloc_lock
 *fill*         0x00000000000092ec        0x4 
 .text.__malloc_unlock
                0x00000000000092f0        0xc c:/devkitpro/devkita64/bin/../lib/gcc/aarch64-none-elf/11.1.0/../../../../aarch64-none-elf/lib/pic\libg.a(lib_a-mlock.o)
                0x00000000000092f0                __malloc_unlock
 .text          0x00000000000092fc       0xdc c:/devkitpro/devkita64/bin/../lib/gcc/aarch64-none-elf/11.1.0/../../../../aarch64-none-elf/lib/pic\libg.a(lib_a-strchr.o)
                0x00000000000092fc                strchr
 *fill*         0x00000000000093d8       0x28 
 .text          0x0000000000009400       0xe4 c:/devkitpro/devkita64/bin/../lib/gcc/aarch64-none-elf/11.1.0/../../../../aarch64-none-elf/lib/pic\libg.a(lib_a-strcmp.o)
                0x0000000000009400                strcmp
 *fill*         0x00000000000094e4       0x1c 
 .text          0x0000000000009500      0x140 c:/devkitpro/devkita64/bin/../lib/gcc/aarch64-none-elf/11.1.0/../../../../aarch64-none-elf/lib/pic\libg.a(lib_a-strlen.o)
                0x0000000000009500                strlen
 .text.strncat  0x0000000000009640       0x7c c:/devkitpro/devkita64/bin/../lib/gcc/aarch64-none-elf/11.1.0/../../../../aarch64-none-elf/lib/pic\libg.a(lib_a-strncat.o)
                0x0000000000009640                strncat
 *fill*         0x00000000000096bc        0x4 
 .text          0x00000000000096c0      0x1d4 c:/devkitpro/devkita64/bin/../lib/gcc/aarch64-none-elf/11.1.0/../../../../aarch64-none-elf/lib/pic\libg.a(lib_a-strncmp.o)
                0x00000000000096dc                strncmp
 *fill*         0x0000000000009894        0xc 
 .text.strncpy  0x00000000000098a0       0x9c c:/devkitpro/devkita64/bin/../lib/gcc/aarch64-none-elf/11.1.0/../../../../aarch64-none-elf/lib/pic\libg.a(lib_a-strncpy.o)
                0x00000000000098a0                strncpy
 *fill*         0x000000000000993c        0x4 
 .text          0x0000000000009940       0xe0 c:/devkitpro/devkita64/bin/../lib/gcc/aarch64-none-elf/11.1.0/../../../../aarch64-none-elf/lib/pic\libg.a(lib_a-strnlen.o)
                0x0000000000009964                strnlen
 .text._strtoul_l.constprop.0
                0x0000000000009a20      0x19c c:/devkitpro/devkita64/bin/../lib/gcc/aarch64-none-elf/11.1.0/../../../../aarch64-none-elf/lib/pic\libg.a(lib_a-strtoul.o)
 *fill*         0x0000000000009bbc        0x4 
 .text.strtoul  0x0000000000009bc0       0x48 c:/devkitpro/devkita64/bin/../lib/gcc/aarch64-none-elf/11.1.0/../../../../aarch64-none-elf/lib/pic\libg.a(lib_a-strtoul.o)
                0x0000000000009bc0                strtoul
 *fill*         0x0000000000009c08        0x8 
 .text.close    0x0000000000009c10       0x24 c:/devkitpro/devkita64/bin/../lib/gcc/aarch64-none-elf/11.1.0/../../../../aarch64-none-elf/lib/pic\libg.a(lib_a-sysclose.o)
                0x0000000000009c10                close
 *fill*         0x0000000000009c34        0xc 
 .text.open     0x0000000000009c40       0x88 c:/devkitpro/devkita64/bin/../lib/gcc/aarch64-none-elf/11.1.0/../../../../aarch64-none-elf/lib/pic\libg.a(lib_a-sysopen.o)
                0x0000000000009c40                open
 *fill*         0x0000000000009cc8        0x8 
 .text.read     0x0000000000009cd0       0x40 c:/devkitpro/devkita64/bin/../lib/gcc/aarch64-none-elf/11.1.0/../../../../aarch64-none-elf/lib/pic\libg.a(lib_a-sysread.o)
                0x0000000000009cd0                read
 .text._malloc_trim_r
                0x0000000000009d10      0x118 c:/devkitpro/devkita64/bin/../lib/gcc/aarch64-none-elf/11.1.0/../../../../aarch64-none-elf/lib/pic\libg.a(lib_a-freer.o)
                0x0000000000009d10                _malloc_trim_r
 *fill*         0x0000000000009e28        0x8 
 .text._free_r  0x0000000000009e30      0x2f0 c:/devkitpro/devkita64/bin/../lib/gcc/aarch64-none-elf/11.1.0/../../../../aarch64-none-elf/lib/pic\libg.a(lib_a-freer.o)
                0x0000000000009e30                _free_r
 .text.null_write
                0x000000000000a120        0x8 c:/devkitpro/devkita64/bin/../lib/gcc/aarch64-none-elf/11.1.0/../../../../aarch64-none-elf/lib/pic\libsysbase.a(iosupport.o)
 *fill*         0x000000000000a128        0x8 
 .text.setDefaultDevice
                0x000000000000a130       0x18 c:/devkitpro/devkita64/bin/../lib/gcc/aarch64-none-elf/11.1.0/../../../../aarch64-none-elf/lib/pic\libsysbase.a(iosupport.o)
                0x000000000000a130                setDefaultDevice
 *fill*         0x000000000000a148        0x8 
 .text.FindDevice
                0x000000000000a150      0x108 c:/devkitpro/devkita64/bin/../lib/gcc/aarch64-none-elf/11.1.0/../../../../aarch64-none-elf/lib/pic\libsysbase.a(iosupport.o)
                0x000000000000a150                FindDevice
 *fill*         0x000000000000a258        0x8 
 .text.RemoveDevice
                0x000000000000a260       0x34 c:/devkitpro/devkita64/bin/../lib/gcc/aarch64-none-elf/11.1.0/../../../../aarch64-none-elf/lib/pic\libsysbase.a(iosupport.o)
                0x000000000000a260                RemoveDevice
 *fill*         0x000000000000a294        0xc 
 .text.AddDevice
                0x000000000000a2a0       0xdc c:/devkitpro/devkita64/bin/../lib/gcc/aarch64-none-elf/11.1.0/../../../../aarch64-none-elf/lib/pic\libsysbase.a(iosupport.o)
                0x000000000000a2a0                AddDevice
 *fill*         0x000000000000a37c        0x4 
 .text.GetDeviceOpTab
                0x000000000000a380       0x34 c:/devkitpro/devkita64/bin/../lib/gcc/aarch64-none-elf/11.1.0/../../../../aarch64-none-elf/lib/pic\libsysbase.a(iosupport.o)
                0x000000000000a380                GetDeviceOpTab
 *fill*         0x000000000000a3b4        0xc 
 .text._close_r
                0x000000000000a3c0       0xa8 c:/devkitpro/devkita64/bin/../lib/gcc/aarch64-none-elf/11.1.0/../../../../aarch64-none-elf/lib/pic\libsysbase.a(close.o)
                0x000000000000a3c0                _close_r
 *fill*         0x000000000000a468        0x8 
 .text._open_r  0x000000000000a470       0xe0 c:/devkitpro/devkita64/bin/../lib/gcc/aarch64-none-elf/11.1.0/../../../../aarch64-none-elf/lib/pic\libsysbase.a(open.o)
                0x000000000000a470                _open_r
 .text._read_r  0x000000000000a550       0xa4 c:/devkitpro/devkita64/bin/../lib/gcc/aarch64-none-elf/11.1.0/../../../../aarch64-none-elf/lib/pic\libsysbase.a(read.o)
                0x000000000000a550                _read_r
 *fill*         0x000000000000a5f4        0xc 
 .text._sbrk_r  0x000000000000a600       0x78 c:/devkitpro/devkita64/bin/../lib/gcc/aarch64-none-elf/11.1.0/../../../../aarch64-none-elf/lib/pic\libsysbase.a(sbrk.o)
                0x000000000000a600                _sbrk_r
 *fill*         0x000000000000a678        0x8 
 .text.__libc_lock_acquire
                0x000000000000a680       0x14 c:/devkitpro/devkita64/bin/../lib/gcc/aarch64-none-elf/11.1.0/../../../../aarch64-none-elf/lib/pic\libsysbase.a(locks.o)
                0x000000000000a680                __libc_lock_acquire
 *fill*         0x000000000000a694        0xc 
 .text.__libc_lock_release
                0x000000000000a6a0       0x14 c:/devkitpro/devkita64/bin/../lib/gcc/aarch64-none-elf/11.1.0/../../../../aarch64-none-elf/lib/pic\libsysbase.a(locks.o)
                0x000000000000a6a0                __libc_lock_release
 *fill*         0x000000000000a6b4        0xc 
 .text.__libc_lock_acquire_recursive
                0x000000000000a6c0       0x14 c:/devkitpro/devkita64/bin/../lib/gcc/aarch64-none-elf/11.1.0/../../../../aarch64-none-elf/lib/pic\libsysbase.a(locks.o)
                0x000000000000a6c0                __libc_lock_acquire_recursive
 *fill*         0x000000000000a6d4        0xc 
 .text.__libc_lock_release_recursive
                0x000000000000a6e0       0x14 c:/devkitpro/devkita64/bin/../lib/gcc/aarch64-none-elf/11.1.0/../../../../aarch64-none-elf/lib/pic\libsysbase.a(locks.o)
                0x000000000000a6e0                __libc_lock_release_recursive
 *fill*         0x000000000000a6f4        0xc 
 .text.__free_handle
                0x000000000000a700       0x40 c:/devkitpro/devkita64/bin/../lib/gcc/aarch64-none-elf/11.1.0/../../../../aarch64-none-elf/lib/pic\libsysbase.a(handle_manager.o)
                0x000000000000a700                __free_handle
 .text.__release_handle
                0x000000000000a740       0x58 c:/devkitpro/devkita64/bin/../lib/gcc/aarch64-none-elf/11.1.0/../../../../aarch64-none-elf/lib/pic\libsysbase.a(handle_manager.o)
                0x000000000000a740                __release_handle
 *fill*         0x000000000000a798        0x8 
 .text.__alloc_handle
                0x000000000000a7a0       0xc0 c:/devkitpro/devkita64/bin/../lib/gcc/aarch64-none-elf/11.1.0/../../../../aarch64-none-elf/lib/pic\libsysbase.a(handle_manager.o)
                0x000000000000a7a0                __alloc_handle
 .text.__get_handle
                0x000000000000a860       0x20 c:/devkitpro/devkita64/bin/../lib/gcc/aarch64-none-elf/11.1.0/../../../../aarch64-none-elf/lib/pic\libsysbase.a(handle_manager.o)
                0x000000000000a860                __get_handle
 .text.__getreent
                0x000000000000a880       0x20 c:/devkitpro/devkita64/bin/../lib/gcc/aarch64-none-elf/11.1.0/../../../../aarch64-none-elf/lib/pic\libsysbase.a(getreent.o)
                0x000000000000a880                __getreent
                0x000000000000a8a0                . = ALIGN (0x8)

.fini           0x000000000000a8a0       0x38
 *(.fini)
 .fini          0x000000000000a8a0       0x18 c:/devkitpro/devkita64/bin/../lib/gcc/aarch64-none-elf/11.1.0/pic/crti.o
                0x000000000000a8a0                _fini
 .fini          0x000000000000a8b8       0x1c c:/devkitpro/devkita64/bin/../lib/gcc/aarch64-none-elf/11.1.0/pic/crtn.o
                0x000000000000a8d8                . = ALIGN (0x8)
 *fill*         0x000000000000a8d4        0x4 
                0x000000000000b000                . = ALIGN (0x1000)
                0x000000000000b000                __rodata_start = .

.nx-module-name
                0x000000000000b000        0xe
 *(.nx-module-name)
 .nx-module-name
                0x000000000000b000        0xe c:/devkitpro/devkita64/bin/../lib/gcc/aarch64-none-elf/11.1.0/pic/crti.o

.rodata         0x000000000000b010      0x260
 *(.rodata .rodata.* .gnu.linkonce.r.*)
 .rodata.str1.8
                0x000000000000b010       0x6d main.o
 *fill*         0x000000000000b07d        0x3 
 .rodata        0x000000000000b080       0x55 main.o
                0x000000000000b080                g_noticeText
 *fill*         0x000000000000b0d5        0x3 
 .rodata.str1.8
                0x000000000000b0d8       0x2f C:/devkitPro/libnx/lib\libnx.a(ns.o)
 *fill*         0x000000000000b107        0x1 
 .rodata        0x000000000000b108        0x7 C:/devkitPro/libnx/lib\libnx.a(ns.o)
 *fill*         0x000000000000b10f        0x1 
 .rodata.smInitialize.str1.8
                0x000000000000b110        0x4 C:/devkitPro/libnx/lib\libnx.a(sm.o)
 *fill*         0x000000000000b114        0x4 
 .rodata.fsdev_fixpath.str1.8
                0x000000000000b118        0x2 C:/devkitPro/libnx/lib\libnx.a(fs_dev.o)
 *fill*         0x000000000000b11a        0x6 
 .rodata._fsdevUnmountDeviceStruct.part.0.str1.8
                0x000000000000b120        0x2 C:/devkitPro/libnx/lib\libnx.a(fs_dev.o)
 *fill*         0x000000000000b122        0x6 
 .rodata.fsdevMountDevice.str1.8
                0x000000000000b128        0x8 C:/devkitPro/libnx/lib\libnx.a(fs_dev.o)
                                         0x10 (size before relaxing)
 .rodata.fsdevMountSdmc.str1.8
                0x000000000000b130        0x5 C:/devkitPro/libnx/lib\libnx.a(fs_dev.o)
 *fill*         0x000000000000b135        0x3 
 .rodata.error_table
                0x000000000000b138       0x20 C:/devkitPro/libnx/lib\libnx.a(fs_dev.o)
 .rodata.nxlinkSetup.str1.8
                0x000000000000b158       0x10 C:/devkitPro/libnx/lib\libnx.a(nxlink.o)
                                          0x9 (size before relaxing)
 .rodata._ctype_
                0x000000000000b168      0x101 c:/devkitpro/devkita64/bin/../lib/gcc/aarch64-none-elf/11.1.0/../../../../aarch64-none-elf/lib/pic\libg.a(lib_a-ctype_.o)
                0x000000000000b168                _ctype_
 .rodata.AddDevice.str1.8
                0x000000000000b269        0x8 c:/devkitpro/devkita64/bin/../lib/gcc/aarch64-none-elf/11.1.0/../../../../aarch64-none-elf/lib/pic\libsysbase.a(iosupport.o)
                0x000000000000b278                . = ALIGN (0x8)
 *fill*         0x000000000000b269        0x7 

.eh_frame_hdr   0x000000000000b270        0x0
                0x000000000000b270                __eh_frame_hdr_start = .
 *(.eh_frame_hdr)
 *(.eh_frame_entry .eh_frame_entry.*)
                0x000000000000b270                __eh_frame_hdr_end = .

.eh_frame       0x000000000000b270     0x24b0
 *(.eh_frame)
 .eh_frame      0x000000000000b270       0x50 c:/devkitpro/devkita64/bin/../lib/gcc/aarch64-none-elf/11.1.0/pic/crtbegin.o
 .eh_frame      0x000000000000b2c0      0x178 main.o
                                        0x188 (size before relaxing)
 .eh_frame      0x000000000000b438       0x28 trampoline.o
                                         0x40 (size before relaxing)
 .eh_frame      0x000000000000b460       0x60 C:/devkitPro/libnx/lib\libnx.a(random.o)
                                         0x78 (size before relaxing)
 .eh_frame      0x000000000000b4c0      0x130 C:/devkitPro/libnx/lib\libnx.a(thread.o)
                                        0x210 (size before relaxing)
 .eh_frame      0x000000000000b5f0       0xb0 C:/devkitPro/libnx/lib\libnx.a(pm.o)
                                        0x618 (size before relaxing)
 .eh_frame      0x000000000000b6a0      0x1b8 C:/devkitPro/libnx/lib\libnx.a(ns.o)
                                       0x2af0 (size before relaxing)
 .eh_frame      0x000000000000b858      0x140 C:/devkitPro/libnx/lib\libnx.a(set.o)
                                       0x2d08 (size before relaxing)
 .eh_frame      0x000000000000b998       0x80 C:/devkitPro/libnx/lib\libnx.a(fatal.o)
                                         0xa8 (size before relaxing)
 .eh_frame      0x000000000000ba18      0x538 C:/devkitPro/libnx/lib\libnx.a(fs.o)
                                       0x1618 (size before relaxing)
 .eh_frame      0x000000000000bf50        0x0 C:/devkitPro/libnx/lib\libnx.a(nifm.o)
                                        0x650 (size before relaxing)
 .eh_frame      0x000000000000bf50      0x148 C:/devkitPro/libnx/lib\libnx.a(sm.o)
                                        0x2f8 (size before relaxing)
 .eh_frame      0x000000000000c098       0x28 C:/devkitPro/libnx/lib\libnx.a(hosversion.o)
                                         0x50 (size before relaxing)
 .eh_frame      0x000000000000c0c0       0xc8 C:/devkitPro/libnx/lib\libnx.a(env.o)
                                        0x208 (size before relaxing)
 .eh_frame      0x000000000000c188       0x40 C:/devkitPro/libnx/lib\libnx.a(alloc.o)
                                         0x50 (size before relaxing)
 .eh_frame      0x000000000000c1c8       0x18 C:/devkitPro/libnx/lib\libnx.a(diag.o)
                                         0x30 (size before relaxing)
 .eh_frame      0x000000000000c1e0      0x6b0 C:/devkitPro/libnx/lib\libnx.a(fs_dev.o)
                                        0xa10 (size before relaxing)
 .eh_frame      0x000000000000c890       0x18 C:/devkitPro/libnx/lib\libnx.a(decode_utf8.o)
                                         0x28 (size before relaxing)
 .eh_frame      0x000000000000c8a8      0x208 C:/devkitPro/libnx/lib\libnx.a(svc.o)
                                        0x9d8 (size before relaxing)
 .eh_frame      0x000000000000cab0       0x18 C:/devkitPro/libnx/lib\libnx.a(readtp.o)
                                         0x28 (size before relaxing)
 .eh_frame      0x000000000000cac8       0x38 C:/devkitPro/libnx/lib\libnx.a(wait.o)
                                         0x98 (size before relaxing)
 .eh_frame      0x000000000000cb00        0x0 C:/devkitPro/libnx/lib\libnx.a(tmem.o)
                                        0x100 (size before relaxing)
 .eh_frame      0x000000000000cb00       0xa0 C:/devkitPro/libnx/lib\libnx.a(mutex.o)
                                         0xf0 (size before relaxing)
 .eh_frame      0x000000000000cba0      0x148 C:/devkitPro/libnx/lib\libnx.a(virtmem.o)
                                        0x220 (size before relaxing)
 .eh_frame      0x000000000000cce8        0x0 C:/devkitPro/libnx/lib\libnx.a(event.o)
                                         0xc0 (size before relaxing)
 .eh_frame      0x000000000000cce8      0x118 C:/devkitPro/libnx/lib\libnx.a(sessionmgr.o)
                                        0x128 (size before relaxing)
 .eh_frame      0x000000000000ce00       0x30 C:/devkitPro/libnx/lib\libnx.a(time.o)
                                        0x458 (size before relaxing)
 .eh_frame      0x000000000000ce30       0x18 C:/devkitPro/libnx/lib\libnx.a(dynamic.o)
                                         0x30 (size before relaxing)
 .eh_frame      0x000000000000ce48       0x20 C:/devkitPro/libnx/lib\libnx.a(init.o)
                                         0xc0 (size before relaxing)
 .eh_frame      0x000000000000ce68       0x98 C:/devkitPro/libnx/lib\libnx.a(newlib.o)
                                        0x430 (size before relaxing)
 .eh_frame      0x000000000000cf00       0xa8 C:/devkitPro/libnx/lib\libnx.a(argv.o)
                                         0xb8 (size before relaxing)
 .eh_frame      0x000000000000cfa8        0x0 C:/devkitPro/libnx/lib\libnx.a(shmem.o)
                                         0xc0 (size before relaxing)
 .eh_frame      0x000000000000cfa8       0x30 C:/devkitPro/libnx/lib\libnx.a(condvar.o)
                                         0x48 (size before relaxing)
 .eh_frame      0x000000000000cfd8        0x0 C:/devkitPro/libnx/lib\libnx.a(applet.o)
                                       0x47c8 (size before relaxing)
 .eh_frame      0x000000000000cfd8        0x0 C:/devkitPro/libnx/lib\libnx.a(hid.o)
                                       0x1be8 (size before relaxing)
 .eh_frame      0x000000000000cfd8       0x50 C:/devkitPro/libnx/lib\libnx.a(nxlink.o)
                                         0x68 (size before relaxing)
 .eh_frame      0x000000000000d028        0x0 C:/devkitPro/libnx/lib\libnx.a(apm.o)
                                        0x168 (size before relaxing)
 .eh_frame      0x000000000000d028       0x28 c:/devkitpro/devkita64/bin/../lib/gcc/aarch64-none-elf/11.1.0/../../../../aarch64-none-elf/lib/pic\libg.a(lib_a-aligned_alloc.o)
                                         0x38 (size before relaxing)
 .eh_frame      0x000000000000d050       0x68 c:/devkitpro/devkita64/bin/../lib/gcc/aarch64-none-elf/11.1.0/../../../../aarch64-none-elf/lib/pic\libg.a(lib_a-bsearch.o)
                                         0x78 (size before relaxing)
 .eh_frame      0x000000000000d0b8        0x0 c:/devkitpro/devkita64/bin/../lib/gcc/aarch64-none-elf/11.1.0/../../../../aarch64-none-elf/lib/pic\libg.a(lib_a-ctype_.o)
                                         0x28 (size before relaxing)
 .eh_frame      0x000000000000d0b8       0x20 c:/devkitpro/devkita64/bin/../lib/gcc/aarch64-none-elf/11.1.0/../../../../aarch64-none-elf/lib/pic\libg.a(lib_a-errno.o)
                                         0x38 (size before relaxing)
 .eh_frame      0x000000000000d0d8        0x0 c:/devkitpro/devkita64/bin/../lib/gcc/aarch64-none-elf/11.1.0/../../../../aarch64-none-elf/lib/pic\libg.a(lib_a-fini.o)
                                         0x38 (size before relaxing)
 .eh_frame      0x000000000000d0d8       0x28 c:/devkitpro/devkita64/bin/../lib/gcc/aarch64-none-elf/11.1.0/../../../../aarch64-none-elf/lib/pic\libg.a(lib_a-gmtime.o)
                                         0x38 (size before relaxing)
 .eh_frame      0x000000000000d100       0x18 c:/devkitpro/devkita64/bin/../lib/gcc/aarch64-none-elf/11.1.0/../../../../aarch64-none-elf/lib/pic\libg.a(lib_a-gmtime_r.o)
                                         0x28 (size before relaxing)
 .eh_frame      0x000000000000d118       0x28 c:/devkitpro/devkita64/bin/../lib/gcc/aarch64-none-elf/11.1.0/../../../../aarch64-none-elf/lib/pic\libg.a(lib_a-init.o)
                                         0x40 (size before relaxing)
 .eh_frame      0x000000000000d140       0x60 c:/devkitpro/devkita64/bin/../lib/gcc/aarch64-none-elf/11.1.0/../../../../aarch64-none-elf/lib/pic\libg.a(lib_a-malignr.o)
                                         0x70 (size before relaxing)
 .eh_frame      0x000000000000d1a0       0x48 c:/devkitpro/devkita64/bin/../lib/gcc/aarch64-none-elf/11.1.0/../../../../aarch64-none-elf/lib/pic\libg.a(lib_a-malloc.o)
                                         0x60 (size before relaxing)
 .eh_frame      0x000000000000d1e8       0xc0 c:/devkitpro/devkita64/bin/../lib/gcc/aarch64-none-elf/11.1.0/../../../../aarch64-none-elf/lib/pic\libg.a(lib_a-mallocr.o)
                                         0xd0 (size before relaxing)
 .eh_frame      0x000000000000d2a8       0x28 c:/devkitpro/devkita64/bin/../lib/gcc/aarch64-none-elf/11.1.0/../../../../aarch64-none-elf/lib/pic\libg.a(lib_a-mlock.o)
                                         0x40 (size before relaxing)
 .eh_frame      0x000000000000d2d0        0x0 c:/devkitpro/devkita64/bin/../lib/gcc/aarch64-none-elf/11.1.0/../../../../aarch64-none-elf/lib/pic\libg.a(lib_a-setenv.o)
                                         0x60 (size before relaxing)
 .eh_frame      0x000000000000d2d0        0x0 c:/devkitpro/devkita64/bin/../lib/gcc/aarch64-none-elf/11.1.0/../../../../aarch64-none-elf/lib/pic\libg.a(lib_a-setenv_r.o)
                                         0xc8 (size before relaxing)
 .eh_frame      0x000000000000d2d0       0x18 c:/devkitpro/devkita64/bin/../lib/gcc/aarch64-none-elf/11.1.0/../../../../aarch64-none-elf/lib/pic\libg.a(lib_a-strncat.o)
                                         0x28 (size before relaxing)
 .eh_frame      0x000000000000d2e8       0x18 c:/devkitpro/devkita64/bin/../lib/gcc/aarch64-none-elf/11.1.0/../../../../aarch64-none-elf/lib/pic\libg.a(lib_a-strncpy.o)
                                         0x28 (size before relaxing)
 .eh_frame      0x000000000000d300       0x40 c:/devkitpro/devkita64/bin/../lib/gcc/aarch64-none-elf/11.1.0/../../../../aarch64-none-elf/lib/pic\libg.a(lib_a-strtoul.o)
                                         0xa8 (size before relaxing)
 .eh_frame      0x000000000000d340       0x28 c:/devkitpro/devkita64/bin/../lib/gcc/aarch64-none-elf/11.1.0/../../../../aarch64-none-elf/lib/pic\libg.a(lib_a-sysclose.o)
                                         0x38 (size before relaxing)
 .eh_frame      0x000000000000d368       0x30 c:/devkitpro/devkita64/bin/../lib/gcc/aarch64-none-elf/11.1.0/../../../../aarch64-none-elf/lib/pic\libg.a(lib_a-sysopen.o)
                                         0x48 (size before relaxing)
 .eh_frame      0x000000000000d398       0x28 c:/devkitpro/devkita64/bin/../lib/gcc/aarch64-none-elf/11.1.0/../../../../aarch64-none-elf/lib/pic\libg.a(lib_a-sysread.o)
                                         0x40 (size before relaxing)
 .eh_frame      0x000000000000d3c0        0x0 c:/devkitpro/devkita64/bin/../lib/gcc/aarch64-none-elf/11.1.0/../../../../aarch64-none-elf/lib/pic\libg.a(lib_a-envlock.o)
                                         0x40 (size before relaxing)
 .eh_frame      0x000000000000d3c0       0x80 c:/devkitpro/devkita64/bin/../lib/gcc/aarch64-none-elf/11.1.0/../../../../aarch64-none-elf/lib/pic\libg.a(lib_a-freer.o)
                                         0x98 (size before relaxing)
 .eh_frame      0x000000000000d440        0x0 c:/devkitpro/devkita64/bin/../lib/gcc/aarch64-none-elf/11.1.0/../../../../aarch64-none-elf/lib/pic\libg.a(lib_a-getenv_r.o)
                                         0x90 (size before relaxing)
 .eh_frame      0x000000000000d440        0x0 c:/devkitpro/devkita64/bin/../lib/gcc/aarch64-none-elf/11.1.0/../../../../aarch64-none-elf/lib/pic\libg.a(lib_a-reallocr.o)
                                        0x118 (size before relaxing)
 .eh_frame      0x000000000000d440      0x120 c:/devkitpro/devkita64/bin/../lib/gcc/aarch64-none-elf/11.1.0/../../../../aarch64-none-elf/lib/pic\libsysbase.a(iosupport.o)
                                        0x130 (size before relaxing)
 .eh_frame      0x000000000000d560       0x48 c:/devkitpro/devkita64/bin/../lib/gcc/aarch64-none-elf/11.1.0/../../../../aarch64-none-elf/lib/pic\libsysbase.a(close.o)
                                         0x58 (size before relaxing)
 .eh_frame      0x000000000000d5a8       0x40 c:/devkitpro/devkita64/bin/../lib/gcc/aarch64-none-elf/11.1.0/../../../../aarch64-none-elf/lib/pic\libsysbase.a(open.o)
                                         0x50 (size before relaxing)
 .eh_frame      0x000000000000d5e8       0x38 c:/devkitpro/devkita64/bin/../lib/gcc/aarch64-none-elf/11.1.0/../../../../aarch64-none-elf/lib/pic\libsysbase.a(read.o)
                                         0x50 (size before relaxing)
 .eh_frame      0x000000000000d620       0x18 c:/devkitpro/devkita64/bin/../lib/gcc/aarch64-none-elf/11.1.0/../../../../aarch64-none-elf/lib/pic\libsysbase.a(sbrk.o)
                                         0x28 (size before relaxing)
 .eh_frame      0x000000000000d638        0x0 c:/devkitpro/devkita64/bin/../lib/gcc/aarch64-none-elf/11.1.0/../../../../aarch64-none-elf/lib/pic\libsysbase.a(chdir.o)
                                        0x120 (size before relaxing)
 .eh_frame      0x000000000000d638       0x50 c:/devkitpro/devkita64/bin/../lib/gcc/aarch64-none-elf/11.1.0/../../../../aarch64-none-elf/lib/pic\libsysbase.a(locks.o)
                                        0x178 (size before relaxing)
 .eh_frame      0x000000000000d688       0x80 c:/devkitpro/devkita64/bin/../lib/gcc/aarch64-none-elf/11.1.0/../../../../aarch64-none-elf/lib/pic\libsysbase.a(handle_manager.o)
                                        0x108 (size before relaxing)
 .eh_frame      0x000000000000d708       0x14 c:/devkitpro/devkita64/bin/../lib/gcc/aarch64-none-elf/11.1.0/../../../../aarch64-none-elf/lib/pic\libsysbase.a(getreent.o)
                                         0x28 (size before relaxing)
 .eh_frame      0x000000000000d71c        0x0 c:/devkitpro/devkita64/bin/../lib/gcc/aarch64-none-elf/11.1.0/../../../../aarch64-none-elf/lib/pic\libsysbase.a(clocks.o)
                                         0x78 (size before relaxing)
 .eh_frame      0x000000000000d71c        0x4 c:/devkitpro/devkita64/bin/../lib/gcc/aarch64-none-elf/11.1.0/pic/crtend.o
 *(.eh_frame.*)

.gcc_except_table
 *(.gcc_except_table .gcc_except_table.*)

.gnu_extab
 *(.gnu_extab*)

.dynamic        0x000000000000d720      0x110
 *(.dynamic)
 .dynamic       0x000000000000d720      0x110 c:/devkitpro/devkita64/bin/../lib/gcc/aarch64-none-elf/11.1.0/pic/crti.o
                0x000000000000d720                _DYNAMIC

.dynsym         0x000000000000d830       0x48
 *(.dynsym)
 .dynsym        0x000000000000d830       0x48 c:/devkitpro/devkita64/bin/../lib/gcc/aarch64-none-elf/11.1.0/pic/crti.o

.dynstr         0x000000000000d878        0x1
 *(.dynstr)
 .dynstr        0x000000000000d878        0x1 c:/devkitpro/devkita64/bin/../lib/gcc/aarch64-none-elf/11.1.0/pic/crti.o

.rela.dyn       0x000000000000d880     0x20e8
 *(.rela.*)
 .rela.got      0x000000000000d880      0x378 c:/devkitpro/devkita64/bin/../lib/gcc/aarch64-none-elf/11.1.0/pic/crti.o
 .rela.plt      0x000000000000dbf8        0x0 c:/devkitpro/devkita64/bin/../lib/gcc/aarch64-none-elf/11.1.0/pic/crti.o
 .rela.bss      0x000000000000dbf8        0x0 c:/devkitpro/devkita64/bin/../lib/gcc/aarch64-none-elf/11.1.0/pic/crti.o
 .rela.data.rel.ro
                0x000000000000dbf8        0x0 c:/devkitpro/devkita64/bin/../lib/gcc/aarch64-none-elf/11.1.0/pic/crti.o
 .rela.init_array
                0x000000000000dbf8       0x18 c:/devkitpro/devkita64/bin/../lib/gcc/aarch64-none-elf/11.1.0/pic/crti.o
 .rela.fini_array
                0x000000000000dc10       0x18 c:/devkitpro/devkita64/bin/../lib/gcc/aarch64-none-elf/11.1.0/pic/crti.o
 .rela.ifunc    0x000000000000dc28        0x0 c:/devkitpro/devkita64/bin/../lib/gcc/aarch64-none-elf/11.1.0/pic/crti.o
 .rela.data.rel.local
                0x000000000000dc28       0x30 c:/devkitpro/devkita64/bin/../lib/gcc/aarch64-none-elf/11.1.0/pic/crti.o
 .rela.data.rel.ro.local.servarray.0
                0x000000000000dc58       0x90 c:/devkitpro/devkita64/bin/../lib/gcc/aarch64-none-elf/11.1.0/pic/crti.o
 .rela.data.rel.ro.local.fsdev_devoptab
                0x000000000000dce8      0x228 c:/devkitpro/devkita64/bin/../lib/gcc/aarch64-none-elf/11.1.0/pic/crti.o
 .rela.data.rel.local._impure_ptr
                0x000000000000df10       0x18 c:/devkitpro/devkita64/bin/../lib/gcc/aarch64-none-elf/11.1.0/pic/crti.o
 .rela.data.rel.local.impure_data
                0x000000000000df28       0x48 c:/devkitpro/devkita64/bin/../lib/gcc/aarch64-none-elf/11.1.0/pic/crti.o
 .rela.data.rel.__malloc_av_
                0x000000000000df70     0x1800 c:/devkitpro/devkita64/bin/../lib/gcc/aarch64-none-elf/11.1.0/pic/crti.o
 .rela.data.rel.devoptab_list
                0x000000000000f770      0x180 c:/devkitpro/devkita64/bin/../lib/gcc/aarch64-none-elf/11.1.0/pic/crti.o
 .rela.data.rel.ro.local.dotab_stdnull
                0x000000000000f8f0       0x30 c:/devkitpro/devkita64/bin/../lib/gcc/aarch64-none-elf/11.1.0/pic/crti.o
 .rela.data.rel.local.handles
                0x000000000000f920       0x48 c:/devkitpro/devkita64/bin/../lib/gcc/aarch64-none-elf/11.1.0/pic/crti.o

.interp
 *(.interp)

.hash           0x000000000000f968       0x18
 *(.hash)
 .hash          0x000000000000f968       0x18 c:/devkitpro/devkita64/bin/../lib/gcc/aarch64-none-elf/11.1.0/pic/crti.o

.gnu.hash
 *(.gnu.hash)

.gnu.version    0x000000000000f980        0x0
 *(.gnu.version)
 .gnu.version   0x000000000000f980        0x0 c:/devkitpro/devkita64/bin/../lib/gcc/aarch64-none-elf/11.1.0/pic/crti.o

.gnu.version_d  0x000000000000f980        0x0
 *(.gnu.version_d)
 .gnu.version_d
                0x000000000000f980        0x0 c:/devkitpro/devkita64/bin/../lib/gcc/aarch64-none-elf/11.1.0/pic/crti.o

.gnu.version_r  0x000000000000f980        0x0
 *(.gnu.version_r)
 .gnu.version_r
                0x000000000000f980        0x0 c:/devkitpro/devkita64/bin/../lib/gcc/aarch64-none-elf/11.1.0/pic/crti.o

.note.gnu.build-id
                0x000000000000f980       0x24
 *(.note.gnu.build-id)
 .note.gnu.build-id
                0x000000000000f980       0x24 c:/devkitpro/devkita64/bin/../lib/gcc/aarch64-none-elf/11.1.0/pic/crti.o
                0x0000000000010000                . = ALIGN (0x1000)
                0x0000000000010000                __data_start = .

.eh_frame
 *(.eh_frame)
 *(.eh_frame.*)

.gcc_except_table
 *(.gcc_except_table .gcc_except_table.*)

.gnu_extab
 *(.gnu_extab*)

.exception_ranges
 *(.exception_ranges .exception_ranges*)

.tdata          0x0000000000010000        0x0
                0x0000000000010000                __tdata_lma = .
 *(.tdata .tdata.* .gnu.linkonce.td.*)
                0x0000000000010000                . = ALIGN (0x8)
                0x0000000000010000                __tdata_lma_end = .

.tbss           0x0000000000010000      0x410
 *(.tbss .tbss.* .gnu.linkonce.tb.*)
 .tbss.g_fsPriority
                0x0000000000010000        0x4 C:/devkitPro/libnx/lib\libnx.a(fs.o)
 .tbss.fsdev_last_result
                0x0000000000010004        0x4 C:/devkitPro/libnx/lib\libnx.a(fs_dev.o)
 .tbss.__nx_dev_path_buf
                0x0000000000010008      0x401 C:/devkitPro/libnx/lib\libnx.a(path_buf.o)
                0x0000000000010008                __nx_dev_path_buf
 *(.tcommon)
                0x0000000000010410                . = ALIGN (0x8)
 *fill*         0x0000000000010409        0x7 

.preinit_array  0x0000000000010000        0x0
                0x0000000000010000                PROVIDE (__preinit_array_start = .)
 *(.preinit_array)
                0x0000000000010000                PROVIDE (__preinit_array_end = .)

.init_array     0x0000000000010000        0x8
                0x0000000000010000                PROVIDE (__init_array_start = .)
 *(SORT_BY_INIT_PRIORITY(.init_array.*) SORT_BY_INIT_PRIORITY(.ctors.*))
 *(.init_array .ctors)
 .init_array    0x0000000000010000        0x8 c:/devkitpro/devkita64/bin/../lib/gcc/aarch64-none-elf/11.1.0/pic/crtbegin.o
                0x0000000000010008                PROVIDE (__init_array_end = .)

.fini_array     0x0000000000010008        0x8
                0x0000000000010008                PROVIDE (__fini_array_start = .)
 *(SORT_BY_INIT_PRIORITY(.fini_array.*) SORT_BY_INIT_PRIORITY(.dtors.*))
 *(.fini_array .dtors)
 .fini_array    0x0000000000010008        0x8 c:/devkitpro/devkita64/bin/../lib/gcc/aarch64-none-elf/11.1.0/pic/crtbegin.o
                0x0000000000010010                PROVIDE (__fini_array_end = .)
                0x0000000000010010                __got_start__ = .

.got            0x0000000000010010      0x140
 *(.got)
 .got           0x0000000000010010      0x140 c:/devkitpro/devkita64/bin/../lib/gcc/aarch64-none-elf/11.1.0/pic/crti.o
                0x0000000000010010                _GLOBAL_OFFSET_TABLE_
 *(.igot)

.got.plt        0x0000000000010150       0x18
 *(.got.plt)
 .got.plt       0x0000000000010150       0x18 c:/devkitpro/devkita64/bin/../lib/gcc/aarch64-none-elf/11.1.0/pic/crti.o
 *(.igot.plt)
                0x0000000000010168                __got_end__ = .

.data           0x0000000000010168     0x3368
 *(.data .data.* .gnu.linkonce.d.*)
 .data.rel.ro   0x0000000000010168        0x0 c:/devkitpro/devkita64/bin/../lib/gcc/aarch64-none-elf/11.1.0/pic/crti.o
 .data          0x0000000000010168        0x8 main.o
                0x0000000000010168                __nx_fsdev_direntry_cache_size
                0x000000000001016c                __nx_fs_num_sessions
 .data.rel.local
                0x0000000000010170      0x120 main.o
 .data.rel.ro.local.servarray.0
                0x0000000000010290       0x30 C:/devkitPro/libnx/lib\libnx.a(ns.o)
 .data.rel.ro.local.fsdev_devoptab
                0x00000000000102c0       0xe0 C:/devkitPro/libnx/lib\libnx.a(fs_dev.o)
 .data.__nx_applet_type
                0x00000000000103a0        0x4 C:/devkitPro/libnx/lib\libnx.a(applet.o)
                0x00000000000103a0                __nx_applet_type
 *fill*         0x00000000000103a4        0x4 
 .data.rel.local._impure_ptr
                0x00000000000103a8        0x8 c:/devkitpro/devkita64/bin/../lib/gcc/aarch64-none-elf/11.1.0/../../../../aarch64-none-elf/lib/pic\libg.a(lib_a-impure.o)
                0x00000000000103a8                _impure_ptr
 .data.rel.local.impure_data
                0x00000000000103b0      0x768 c:/devkitpro/devkita64/bin/../lib/gcc/aarch64-none-elf/11.1.0/../../../../aarch64-none-elf/lib/pic\libg.a(lib_a-impure.o)
 .data.__malloc_sbrk_base
                0x0000000000010b18        0x8 c:/devkitpro/devkita64/bin/../lib/gcc/aarch64-none-elf/11.1.0/../../../../aarch64-none-elf/lib/pic\libg.a(lib_a-mallocr.o)
                0x0000000000010b18                __malloc_sbrk_base
 .data.__malloc_trim_threshold
                0x0000000000010b20        0x8 c:/devkitpro/devkita64/bin/../lib/gcc/aarch64-none-elf/11.1.0/../../../../aarch64-none-elf/lib/pic\libg.a(lib_a-mallocr.o)
                0x0000000000010b20                __malloc_trim_threshold
 .data.rel.__malloc_av_
                0x0000000000010b28      0x810 c:/devkitpro/devkita64/bin/../lib/gcc/aarch64-none-elf/11.1.0/../../../../aarch64-none-elf/lib/pic\libg.a(lib_a-mallocr.o)
                0x0000000000010b28                __malloc_av_
 .data.defaultDevice
                0x0000000000011338        0x4 c:/devkitpro/devkita64/bin/../lib/gcc/aarch64-none-elf/11.1.0/../../../../aarch64-none-elf/lib/pic\libsysbase.a(iosupport.o)
 *fill*         0x000000000001133c        0x4 
 .data.rel.devoptab_list
                0x0000000000011340       0x80 c:/devkitpro/devkita64/bin/../lib/gcc/aarch64-none-elf/11.1.0/../../../../aarch64-none-elf/lib/pic\libsysbase.a(iosupport.o)
                0x0000000000011340                devoptab_list
 .data.rel.ro.local.dotab_stdnull
                0x00000000000113c0       0xe0 c:/devkitpro/devkita64/bin/../lib/gcc/aarch64-none-elf/11.1.0/../../../../aarch64-none-elf/lib/pic\libsysbase.a(iosupport.o)
                0x00000000000113c0                dotab_stdnull
 .data.__stderr_handle
                0x00000000000114a0       0x10 c:/devkitpro/devkita64/bin/../lib/gcc/aarch64-none-elf/11.1.0/../../../../aarch64-none-elf/lib/pic\libsysbase.a(handle_manager.o)
 .data.__stdin_handle
                0x00000000000114b0       0x10 c:/devkitpro/devkita64/bin/../lib/gcc/aarch64-none-elf/11.1.0/../../../../aarch64-none-elf/lib/pic\libsysbase.a(handle_manager.o)
 .data.__stdout_handle
                0x00000000000114c0       0x10 c:/devkitpro/devkita64/bin/../lib/gcc/aarch64-none-elf/11.1.0/../../../../aarch64-none-elf/lib/pic\libsysbase.a(handle_manager.o)
 .data.rel.local.handles
                0x00000000000114d0     0x2000 c:/devkitpro/devkita64/bin/../lib/gcc/aarch64-none-elf/11.1.0/../../../../aarch64-none-elf/lib/pic\libsysbase.a(handle_manager.o)
                0x00000000000134d0                __bss_start__ = .

.bss            0x00000000000134d0    0x2c1a0
 *(.dynbss)
 .dynbss        0x00000000000134d0        0x0 c:/devkitpro/devkita64/bin/../lib/gcc/aarch64-none-elf/11.1.0/pic/crti.o
 *(.bss .bss.* .gnu.linkonce.b.*)
 .bss.completed.1
                0x00000000000134d0        0x1 c:/devkitpro/devkita64/bin/../lib/gcc/aarch64-none-elf/11.1.0/pic/crtbegin.o
 *fill*         0x00000000000134d1        0x7 
 .bss.object.0  0x00000000000134d8       0x30 c:/devkitpro/devkita64/bin/../lib/gcc/aarch64-none-elf/11.1.0/pic/crtbegin.o
 *fill*         0x0000000000013508        0x8 
 .bss           0x0000000000013510    0x293e0 main.o
                0x00000000000136b0                g_nroAddr
                0x00000000000148c4                g_lastRet
                0x00000000000188d0                __nx_fsdev_support_cwd
 .bss.g_chacha  0x000000000003c8f0       0x40 C:/devkitPro/libnx/lib\libnx.a(random.o)
 .bss.g_randInit
                0x000000000003c930        0x1 C:/devkitPro/libnx/lib\libnx.a(random.o)
 *fill*         0x000000000003c931        0x3 
 .bss.g_randMutex
                0x000000000003c934        0x4 C:/devkitPro/libnx/lib\libnx.a(random.o)
 .bss.g_mainThread
                0x000000000003c938       0x38 C:/devkitPro/libnx/lib\libnx.a(thread.o)
 .bss.g_threadList
                0x000000000003c970        0x8 C:/devkitPro/libnx/lib\libnx.a(thread.o)
 .bss.g_threadMutex
                0x000000000003c978        0x4 C:/devkitPro/libnx/lib\libnx.a(thread.o)
 *fill*         0x000000000003c97c        0x4 
 .bss.g_tlsDestructors
                0x000000000003c980       0xd8 C:/devkitPro/libnx/lib\libnx.a(thread.o)
 .bss.g_tlsUsageMask
                0x000000000003ca58        0x8 C:/devkitPro/libnx/lib\libnx.a(thread.o)
 .bss.g_pmshellGuard
                0x000000000003ca60        0x8 C:/devkitPro/libnx/lib\libnx.a(pm.o)
 .bss.g_pmshellSrv
                0x000000000003ca68       0x10 C:/devkitPro/libnx/lib\libnx.a(pm.o)
 .bss.g_nsAppManSrv
                0x000000000003ca78       0x10 C:/devkitPro/libnx/lib\libnx.a(ns.o)
 .bss.g_nsGetterSrv
                0x000000000003ca88       0x10 C:/devkitPro/libnx/lib\libnx.a(ns.o)
 .bss.g_nsGuard
                0x000000000003ca98        0x8 C:/devkitPro/libnx/lib\libnx.a(ns.o)
 .bss.g_setsysGuard
                0x000000000003caa0        0x8 C:/devkitPro/libnx/lib\libnx.a(set.o)
 .bss.g_setsysSrv
                0x000000000003caa8       0x10 C:/devkitPro/libnx/lib\libnx.a(set.o)
 .bss.g_fsGuard
                0x000000000003cab8        0x8 C:/devkitPro/libnx/lib\libnx.a(fs.o)
 .bss.g_fsSessionMgr
                0x000000000003cac0       0x54 C:/devkitPro/libnx/lib\libnx.a(fs.o)
 *fill*         0x000000000003cb14        0x4 
 .bss.g_fsSrv   0x000000000003cb18       0x10 C:/devkitPro/libnx/lib\libnx.a(fs.o)
 .bss.g_smGuard
                0x000000000003cb28        0x8 C:/devkitPro/libnx/lib\libnx.a(sm.o)
 .bss.g_smOverrides
                0x000000000003cb30      0x180 C:/devkitPro/libnx/lib\libnx.a(sm.o)
 .bss.g_smOverridesNum
                0x000000000003ccb0        0x8 C:/devkitPro/libnx/lib\libnx.a(sm.o)
 .bss.g_smSrv   0x000000000003ccb8       0x10 C:/devkitPro/libnx/lib\libnx.a(sm.o)
 .bss.g_hosVersion
                0x000000000003ccc8        0x4 C:/devkitPro/libnx/lib\libnx.a(hosversion.o)
 .bss.g_hasRandomSeed
                0x000000000003cccc        0x1 C:/devkitPro/libnx/lib\libnx.a(env.o)
 .bss.g_isNso   0x000000000003cccd        0x1 C:/devkitPro/libnx/lib\libnx.a(env.o)
 *fill*         0x000000000003ccce        0x2 
 .bss.g_lastLoadResult
                0x000000000003ccd0        0x4 C:/devkitPro/libnx/lib\libnx.a(env.o)
 *fill*         0x000000000003ccd4        0x4 
 .bss.g_loaderInfo
                0x000000000003ccd8        0x8 C:/devkitPro/libnx/lib\libnx.a(env.o)
 .bss.g_loaderInfoSize
                0x000000000003cce0        0x8 C:/devkitPro/libnx/lib\libnx.a(env.o)
 .bss.g_loaderRetAddr
                0x000000000003cce8        0x8 C:/devkitPro/libnx/lib\libnx.a(env.o)
 .bss.g_mainThreadHandle
                0x000000000003ccf0        0x4 C:/devkitPro/libnx/lib\libnx.a(env.o)
 *fill*         0x000000000003ccf4        0x4 
 .bss.g_nextLoadArgv
                0x000000000003ccf8        0x8 C:/devkitPro/libnx/lib\libnx.a(env.o)
 .bss.g_nextLoadPath
                0x000000000003cd00        0x8 C:/devkitPro/libnx/lib\libnx.a(env.o)
 .bss.g_overrideArgv
                0x000000000003cd08        0x8 C:/devkitPro/libnx/lib\libnx.a(env.o)
 .bss.g_overrideHeapAddr
                0x000000000003cd10        0x8 C:/devkitPro/libnx/lib\libnx.a(env.o)
 .bss.g_overrideHeapSize
                0x000000000003cd18        0x8 C:/devkitPro/libnx/lib\libnx.a(env.o)
 .bss.g_processHandle
                0x000000000003cd20        0x4 C:/devkitPro/libnx/lib\libnx.a(env.o)
 *fill*         0x000000000003cd24        0x4 
 .bss.g_randomSeed
                0x000000000003cd28       0x10 C:/devkitPro/libnx/lib\libnx.a(env.o)
 .bss.g_syscallHints
                0x000000000003cd38       0x10 C:/devkitPro/libnx/lib\libnx.a(env.o)
 .bss.g_userIdStorage
                0x000000000003cd48        0x8 C:/devkitPro/libnx/lib\libnx.a(env.o)
 .bss.fsdev_fsdevice_cwd
                0x000000000003cd50        0x4 C:/devkitPro/libnx/lib\libnx.a(fs_dev.o)
 *fill*         0x000000000003cd54        0x4 
 .bss.fsdev_fsdevices
                0x000000000003cd58     0x2400 C:/devkitPro/libnx/lib\libnx.a(fs_dev.o)
 .bss.fsdev_initialised
                0x000000000003f158        0x1 C:/devkitPro/libnx/lib\libnx.a(fs_dev.o)
 *fill*         0x000000000003f159        0x7 
 .bss.__stack_top
                0x000000000003f160        0x8 C:/devkitPro/libnx/lib\libnx.a(switch_crt0.o)
                0x000000000003f160                __stack_top
 .bss.g_AliasRegion
                0x000000000003f168       0x10 C:/devkitPro/libnx/lib\libnx.a(virtmem.o)
 .bss.g_AslrRegion
                0x000000000003f178       0x10 C:/devkitPro/libnx/lib\libnx.a(virtmem.o)
 .bss.g_HeapRegion
                0x000000000003f188       0x10 C:/devkitPro/libnx/lib\libnx.a(virtmem.o)
 .bss.g_IsLegacyKernel
                0x000000000003f198        0x1 C:/devkitPro/libnx/lib\libnx.a(virtmem.o)
 *fill*         0x000000000003f199        0x7 
 .bss.g_Reservations
                0x000000000003f1a0        0x8 C:/devkitPro/libnx/lib\libnx.a(virtmem.o)
 .bss.g_StackRegion
                0x000000000003f1a8       0x10 C:/devkitPro/libnx/lib\libnx.a(virtmem.o)
 .bss.g_VirtmemMutex
                0x000000000003f1b8        0x4 C:/devkitPro/libnx/lib\libnx.a(virtmem.o)
 *fill*         0x000000000003f1bc        0x4 
 .bss.g_timeTimeZoneService
                0x000000000003f1c0       0x10 C:/devkitPro/libnx/lib\libnx.a(time.o)
 .bss.__system_argc
                0x000000000003f1d0        0x4 C:/devkitPro/libnx/lib\libnx.a(argv.o)
                0x000000000003f1d0                __system_argc
 *fill*         0x000000000003f1d4        0x4 
 .bss.__system_argv
                0x000000000003f1d8        0x8 C:/devkitPro/libnx/lib\libnx.a(argv.o)
                0x000000000003f1d8                __system_argv
 .bss.g_argv_empty
                0x000000000003f1e0        0x8 C:/devkitPro/libnx/lib\libnx.a(argv.o)
 .bss.__nxlink_host
                0x000000000003f1e8        0x4 C:/devkitPro/libnx/lib\libnx.a(nxlink.o)
                0x000000000003f1e8                __nxlink_host
 *fill*         0x000000000003f1ec        0x4 
 .bss.__malloc_current_mallinfo
                0x000000000003f1f0       0x28 c:/devkitpro/devkita64/bin/../lib/gcc/aarch64-none-elf/11.1.0/../../../../aarch64-none-elf/lib/pic\libg.a(lib_a-mallocr.o)
                0x000000000003f1f0                __malloc_current_mallinfo
 .bss.__malloc_max_sbrked_mem
                0x000000000003f218        0x8 c:/devkitpro/devkita64/bin/../lib/gcc/aarch64-none-elf/11.1.0/../../../../aarch64-none-elf/lib/pic\libg.a(lib_a-mallocr.o)
                0x000000000003f218                __malloc_max_sbrked_mem
 .bss.__malloc_max_total_mem
                0x000000000003f220        0x8 c:/devkitpro/devkita64/bin/../lib/gcc/aarch64-none-elf/11.1.0/../../../../aarch64-none-elf/lib/pic\libg.a(lib_a-mallocr.o)
                0x000000000003f220                __malloc_max_total_mem
 .bss.__malloc_top_pad
                0x000000000003f228        0x8 c:/devkitpro/devkita64/bin/../lib/gcc/aarch64-none-elf/11.1.0/../../../../aarch64-none-elf/lib/pic\libg.a(lib_a-mallocr.o)
                0x000000000003f228                __malloc_top_pad
 .bss.__malloc_recursive_mutex
                0x000000000003f230        0xc c:/devkitpro/devkita64/bin/../lib/gcc/aarch64-none-elf/11.1.0/../../../../aarch64-none-elf/lib/pic\libg.a(lib_a-mlock.o)
 *fill*         0x000000000003f23c        0x4 
 .bss.heap_start.0
                0x000000000003f240        0x8 c:/devkitpro/devkita64/bin/../lib/gcc/aarch64-none-elf/11.1.0/../../../../aarch64-none-elf/lib/pic\libsysbase.a(sbrk.o)
 .bss.fake_heap_end
                0x000000000003f248        0x8 c:/devkitpro/devkita64/bin/../lib/gcc/aarch64-none-elf/11.1.0/../../../../aarch64-none-elf/lib/pic\libsysbase.a(malloc_vars.o)
                0x000000000003f248                fake_heap_end
 .bss.fake_heap_start
                0x000000000003f250        0x8 c:/devkitpro/devkita64/bin/../lib/gcc/aarch64-none-elf/11.1.0/../../../../aarch64-none-elf/lib/pic\libsysbase.a(malloc_vars.o)
                0x000000000003f250                fake_heap_start
 .bss.__hndl_lock
                0x000000000003f258        0x4 c:/devkitpro/devkita64/bin/../lib/gcc/aarch64-none-elf/11.1.0/../../../../aarch64-none-elf/lib/pic\libsysbase.a(handle_manager.o)
 *(COMMON)
                0x000000000003f260                . = ALIGN (0x8)
 *fill*         0x000000000003f25c        0x4 
                0x000000000003f260                __tls_start = .
                0x000000000003f670                . = (. + (SIZEOF (.tdata) + SIZEOF (.tbss)))
 *fill*         0x000000000003f260      0x410 
                0x000000000003f670                __tls_end = .
                0x000000000003f670                __bss_end__ = .
                0x000000000003f670                __end__ = ABSOLUTE (.)
                0x0000000000040000                . = ALIGN (0x1000)
                0x0000000000040000                __argdata__ = ABSOLUTE (.)

/DISCARD/
 *(.group .comment .note)

.stab
 *(.stab)

.stabstr
 *(.stabstr)

.stab.excl
 *(.stab.excl)

.stab.exclstr
 *(.stab.exclstr)

.stab.index
 *(.stab.index)

.stab.indexstr
 *(.stab.indexstr)

.debug
 *(.debug)

.line
 *(.line)

.debug_srcinfo
 *(.debug_srcinfo)

.debug_sfnames
 *(.debug_sfnames)

.debug_aranges  0x0000000000000000     0x6850
 *(.debug_aranges)
 .debug_aranges
                0x0000000000000000       0x90 main.o
 .debug_aranges
                0x0000000000000090       0x40 trampoline.o
 .debug_aranges
                0x00000000000000d0       0x40 C:/devkitPro/libnx/lib\libnx.a(random.o)
 .debug_aranges
                0x0000000000000110      0x120 C:/devkitPro/libnx/lib\libnx.a(thread.o)
 .debug_aranges
                0x0000000000000230      0x270 C:/devkitPro/libnx/lib\libnx.a(pm.o)
 .debug_aranges
                0x00000000000004a0      0xeb0 C:/devkitPro/libnx/lib\libnx.a(ns.o)
 .debug_aranges
                0x0000000000001350     0x1170 C:/devkitPro/libnx/lib\libnx.a(set.o)
 .debug_aranges
                0x00000000000024c0       0x60 C:/devkitPro/libnx/lib\libnx.a(fatal.o)
 .debug_aranges
                0x0000000000002520      0x690 C:/devkitPro/libnx/lib\libnx.a(fs.o)
 .debug_aranges
                0x0000000000002bb0      0x260 C:/devkitPro/libnx/lib\libnx.a(nifm.o)
 .debug_aranges
                0x0000000000002e10      0x150 C:/devkitPro/libnx/lib\libnx.a(sm.o)
 .debug_aranges
                0x0000000000002f60       0x50 C:/devkitPro/libnx/lib\libnx.a(hosversion.o)
 .debug_aranges
                0x0000000000002fb0      0x160 C:/devkitPro/libnx/lib\libnx.a(env.o)
 .debug_aranges
                0x0000000000003110       0x50 C:/devkitPro/libnx/lib\libnx.a(alloc.o)
 .debug_aranges
                0x0000000000003160       0x30 C:/devkitPro/libnx/lib\libnx.a(diag.o)
 .debug_aranges
                0x0000000000003190      0x340 C:/devkitPro/libnx/lib\libnx.a(fs_dev.o)
 .debug_aranges
                0x00000000000034d0       0x30 C:/devkitPro/libnx/lib\libnx.a(decode_utf8.o)
 .debug_aranges
                0x0000000000003500      0x7f0 C:/devkitPro/libnx/lib\libnx.a(svc.o)
 .debug_aranges
                0x0000000000003cf0       0x30 C:/devkitPro/libnx/lib\libnx.a(readtp.o)
 .debug_aranges
                0x0000000000003d20       0x30 C:/devkitPro/libnx/lib\libnx.a(switch_crt0.o)
 .debug_aranges
                0x0000000000003d50       0x40 C:/devkitPro/libnx/lib\libnx.a(wait.o)
 .debug_aranges
                0x0000000000003d90       0x80 C:/devkitPro/libnx/lib\libnx.a(tmem.o)
 .debug_aranges
                0x0000000000003e10       0x90 C:/devkitPro/libnx/lib\libnx.a(mutex.o)
 .debug_aranges
                0x0000000000003ea0       0xd0 C:/devkitPro/libnx/lib\libnx.a(virtmem.o)
 .debug_aranges
                0x0000000000003f70       0x80 C:/devkitPro/libnx/lib\libnx.a(event.o)
 .debug_aranges
                0x0000000000003ff0       0x60 C:/devkitPro/libnx/lib\libnx.a(sessionmgr.o)
 .debug_aranges
                0x0000000000004050      0x1d0 C:/devkitPro/libnx/lib\libnx.a(time.o)
 .debug_aranges
                0x0000000000004220       0x30 C:/devkitPro/libnx/lib\libnx.a(dynamic.o)
 .debug_aranges
                0x0000000000004250       0x70 C:/devkitPro/libnx/lib\libnx.a(init.o)
 .debug_aranges
                0x00000000000042c0      0x1f0 C:/devkitPro/libnx/lib\libnx.a(newlib.o)
 .debug_aranges
                0x00000000000044b0       0x30 C:/devkitPro/libnx/lib\libnx.a(argv.o)
 .debug_aranges
                0x00000000000044e0       0x20 C:/devkitPro/libnx/lib\libnx.a(path_buf.o)
 .debug_aranges
                0x0000000000004500       0x70 C:/devkitPro/libnx/lib\libnx.a(shmem.o)
 .debug_aranges
                0x0000000000004570       0x30 C:/devkitPro/libnx/lib\libnx.a(condvar.o)
 .debug_aranges
                0x00000000000045a0     0x17a0 C:/devkitPro/libnx/lib\libnx.a(applet.o)
 .debug_aranges
                0x0000000000005d40      0xa30 C:/devkitPro/libnx/lib\libnx.a(hid.o)
 .debug_aranges
                0x0000000000006770       0x30 C:/devkitPro/libnx/lib\libnx.a(nxlink.o)
 .debug_aranges
                0x00000000000067a0       0xb0 C:/devkitPro/libnx/lib\libnx.a(apm.o)

.debug_pubnames
 *(.debug_pubnames)

.debug_info     0x0000000000000000   0x11289b
 *(.debug_info)
 .debug_info    0x0000000000000000     0x295c main.o
 .debug_info    0x000000000000295c       0x22 trampoline.o
 .debug_info    0x000000000000297e      0x867 C:/devkitPro/libnx/lib\libnx.a(random.o)
 .debug_info    0x00000000000031e5     0x1daa C:/devkitPro/libnx/lib\libnx.a(thread.o)
 .debug_info    0x0000000000004f8f     0x88dd C:/devkitPro/libnx/lib\libnx.a(pm.o)
 .debug_info    0x000000000000d86c    0x2e88f C:/devkitPro/libnx/lib\libnx.a(ns.o)
 .debug_info    0x000000000003c0fb    0x36f87 C:/devkitPro/libnx/lib\libnx.a(set.o)
 .debug_info    0x0000000000073082     0x26f4 C:/devkitPro/libnx/lib\libnx.a(fatal.o)
 .debug_info    0x0000000000075776    0x1e888 C:/devkitPro/libnx/lib\libnx.a(fs.o)
 .debug_info    0x0000000000093ffe     0x960d C:/devkitPro/libnx/lib\libnx.a(nifm.o)
 .debug_info    0x000000000009d60b     0x487c C:/devkitPro/libnx/lib\libnx.a(sm.o)
 .debug_info    0x00000000000a1e87      0x12e C:/devkitPro/libnx/lib\libnx.a(hosversion.o)
 .debug_info    0x00000000000a1fb5      0x9b9 C:/devkitPro/libnx/lib\libnx.a(env.o)
 .debug_info    0x00000000000a296e      0x1e3 C:/devkitPro/libnx/lib\libnx.a(alloc.o)
 .debug_info    0x00000000000a2b51      0x18b C:/devkitPro/libnx/lib\libnx.a(diag.o)
 .debug_info    0x00000000000a2cdc     0x5a42 C:/devkitPro/libnx/lib\libnx.a(fs_dev.o)
 .debug_info    0x00000000000a871e      0x172 C:/devkitPro/libnx/lib\libnx.a(decode_utf8.o)
 .debug_info    0x00000000000a8890       0x22 C:/devkitPro/libnx/lib\libnx.a(svc.o)
 .debug_info    0x00000000000a88b2       0x2e C:/devkitPro/libnx/lib\libnx.a(readtp.o)
 .debug_info    0x00000000000a88e0       0x2e C:/devkitPro/libnx/lib\libnx.a(switch_crt0.o)
 .debug_info    0x00000000000a890e     0x102c C:/devkitPro/libnx/lib\libnx.a(wait.o)